This is pdfTeX, Version 3.14159265-2.6-1.40.17 (TeX Live 2016) (preloaded format=pdflatex 2016.5.22)  9 APR 2026 11:20
entering extended mode
 restricted \write18 enabled.
 file:line:error style messages enabled.
 %&-line parsing enabled.
**stimuli.tex
(./stimuli.tex
LaTeX2e <2016/03/31>
Babel <3.9r> and hyphenation patterns for 83 language(s) loaded.
(/usr/local/texlive/2016/texmf-dist/tex/latex/base/article.cls
Document Class: article 2014/09/29 v1.4h Standard LaTeX document class
(/usr/local/texlive/2016/texmf-dist/tex/latex/base/fleqn.clo
File: fleqn.clo 2015/03/31 v1.1i Standard LaTeX option (flush left equations)
\mathindent=\dimen102
Applying: [2015/01/01] Make \[ robust on input line 50.
LaTeX Info: Redefining \[ on input line 51.
Already applied: [0000/00/00] Make \[ robust on input line 62.
Applying: [2015/01/01] Make \] robust on input line 74.
LaTeX Info: Redefining \] on input line 75.
Already applied: [0000/00/00] Make \] robust on input line 83.
)
(/usr/local/texlive/2016/texmf-dist/tex/latex/base/size11.clo
File: size11.clo 2014/09/29 v1.4h Standard LaTeX file (size option)
)
\c@part=\count79
\c@section=\count80
\c@subsection=\count81
\c@subsubsection=\count82
\c@paragraph=\count83
\c@subparagraph=\count84
\c@figure=\count85
\c@table=\count86
\abovecaptionskip=\skip41
\belowcaptionskip=\skip42
\bibindent=\dimen103
)
(/usr/local/texlive/2016/texmf-dist/tex/latex/geometry/geometry.sty
Package: geometry 2010/09/12 v5.6 Page Geometry

(/usr/local/texlive/2016/texmf-dist/tex/latex/graphics/keyval.sty
Package: keyval 2014/10/28 v1.15 key=value parser (DPC)
\KV@toks@=\toks14
)
(/usr/local/texlive/2016/texmf-dist/tex/generic/oberdiek/ifpdf.sty
Package: ifpdf 2016/05/14 v3.1 Provides the ifpdf switch
)
(/usr/local/texlive/2016/texmf-dist/tex/generic/oberdiek/ifvtex.sty
Package: ifvtex 2016/05/16 v1.6 Detect VTeX and its facilities (HO)
Package ifvtex Info: VTeX not detected.
)
(/usr/local/texlive/2016/texmf-dist/tex/generic/ifxetex/ifxetex.sty
Package: ifxetex 2010/09/12 v0.6 Provides ifxetex conditional
)
\Gm@cnth=\count87
\Gm@cntv=\count88
\c@Gm@tempcnt=\count89
\Gm@bindingoffset=\dimen104
\Gm@wd@mp=\dimen105
\Gm@odd@mp=\dimen106
\Gm@even@mp=\dimen107
\Gm@layoutwidth=\dimen108
\Gm@layoutheight=\dimen109
\Gm@layouthoffset=\dimen110
\Gm@layoutvoffset=\dimen111
\Gm@dimlist=\toks15
)
(/usr/local/texlive/2016/texmf-dist/tex/latex/pgf/frontendlayer/tikz.sty
(/usr/local/texlive/2016/texmf-dist/tex/latex/pgf/basiclayer/pgf.sty
(/usr/local/texlive/2016/texmf-dist/tex/latex/pgf/utilities/pgfrcs.sty
(/usr/local/texlive/2016/texmf-dist/tex/generic/pgf/utilities/pgfutil-common.te
x
\pgfutil@everybye=\toks16
\pgfutil@tempdima=\dimen112
\pgfutil@tempdimb=\dimen113

(/usr/local/texlive/2016/texmf-dist/tex/generic/pgf/utilities/pgfutil-common-li
sts.tex))
(/usr/local/texlive/2016/texmf-dist/tex/generic/pgf/utilities/pgfutil-latex.def
\pgfutil@abb=\box26
(/usr/local/texlive/2016/texmf-dist/tex/latex/ms/everyshi.sty
Package: everyshi 2001/05/15 v3.00 EveryShipout Package (MS)
))
(/usr/local/texlive/2016/texmf-dist/tex/generic/pgf/utilities/pgfrcs.code.tex
Package: pgfrcs 2015/08/07 v3.0.1a (rcs-revision 1.31)
))
Package: pgf 2015/08/07 v3.0.1a (rcs-revision 1.15)
(/usr/local/texlive/2016/texmf-dist/tex/latex/pgf/basiclayer/pgfcore.sty
(/usr/local/texlive/2016/texmf-dist/tex/latex/graphics/graphicx.sty
Package: graphicx 2014/10/28 v1.0g Enhanced LaTeX Graphics (DPC,SPQR)

(/usr/local/texlive/2016/texmf-dist/tex/latex/graphics/graphics.sty
Package: graphics 2016/05/09 v1.0r Standard LaTeX Graphics (DPC,SPQR)

(/usr/local/texlive/2016/texmf-dist/tex/latex/graphics/trig.sty
Package: trig 2016/01/03 v1.10 sin cos tan (DPC)
)
(/usr/local/texlive/2016/texmf-dist/tex/latex/graphics-cfg/graphics.cfg
File: graphics.cfg 2016/01/02 v1.10 sample graphics configuration
)
Package graphics Info: Driver file: pdftex.def on input line 96.

(/usr/local/texlive/2016/texmf-dist/tex/latex/pdftex-def/pdftex.def
File: pdftex.def 2011/05/27 v0.06d Graphics/color for pdfTeX

(/usr/local/texlive/2016/texmf-dist/tex/generic/oberdiek/infwarerr.sty
Package: infwarerr 2016/05/16 v1.4 Providing info/warning/error messages (HO)
)
(/usr/local/texlive/2016/texmf-dist/tex/generic/oberdiek/ltxcmds.sty
Package: ltxcmds 2016/05/16 v1.23 LaTeX kernel commands for general use (HO)
)
\Gread@gobject=\count90
))
\Gin@req@height=\dimen114
\Gin@req@width=\dimen115
)
(/usr/local/texlive/2016/texmf-dist/tex/latex/pgf/systemlayer/pgfsys.sty
(/usr/local/texlive/2016/texmf-dist/tex/generic/pgf/systemlayer/pgfsys.code.tex
Package: pgfsys 2014/07/09 v3.0.1a (rcs-revision 1.48)
(/usr/local/texlive/2016/texmf-dist/tex/generic/pgf/utilities/pgfkeys.code.tex
\pgfkeys@pathtoks=\toks17
\pgfkeys@temptoks=\toks18

(/usr/local/texlive/2016/texmf-dist/tex/generic/pgf/utilities/pgfkeysfiltered.c
ode.tex
\pgfkeys@tmptoks=\toks19
))
\pgf@x=\dimen116
\pgf@y=\dimen117
\pgf@xa=\dimen118
\pgf@ya=\dimen119
\pgf@xb=\dimen120
\pgf@yb=\dimen121
\pgf@xc=\dimen122
\pgf@yc=\dimen123
\w@pgf@writea=\write3
\r@pgf@reada=\read1
\c@pgf@counta=\count91
\c@pgf@countb=\count92
\c@pgf@countc=\count93
\c@pgf@countd=\count94
\t@pgf@toka=\toks20
\t@pgf@tokb=\toks21
\t@pgf@tokc=\toks22

(/usr/local/texlive/2016/texmf-dist/tex/generic/pgf/systemlayer/pgf.cfg
File: pgf.cfg 2008/05/14  (rcs-revision 1.7)
)
Driver file for pgf: pgfsys-pdftex.def

(/usr/local/texlive/2016/texmf-dist/tex/generic/pgf/systemlayer/pgfsys-pdftex.d
ef
File: pgfsys-pdftex.def 2014/10/11  (rcs-revision 1.35)

(/usr/local/texlive/2016/texmf-dist/tex/generic/pgf/systemlayer/pgfsys-common-p
df.def
File: pgfsys-common-pdf.def 2013/10/10  (rcs-revision 1.13)
)))
(/usr/local/texlive/2016/texmf-dist/tex/generic/pgf/systemlayer/pgfsyssoftpath.
code.tex
File: pgfsyssoftpath.code.tex 2013/09/09  (rcs-revision 1.9)
\pgfsyssoftpath@smallbuffer@items=\count95
\pgfsyssoftpath@bigbuffer@items=\count96
)
(/usr/local/texlive/2016/texmf-dist/tex/generic/pgf/systemlayer/pgfsysprotocol.
code.tex
File: pgfsysprotocol.code.tex 2006/10/16  (rcs-revision 1.4)
)) (/usr/local/texlive/2016/texmf-dist/tex/latex/xcolor/xcolor.sty
Package: xcolor 2016/05/11 v2.12 LaTeX color extensions (UK)

(/usr/local/texlive/2016/texmf-dist/tex/latex/graphics-cfg/color.cfg
File: color.cfg 2016/01/02 v1.6 sample color configuration
)
Package xcolor Info: Driver file: pdftex.def on input line 225.
Package xcolor Info: Model `cmy' substituted by `cmy0' on input line 1348.
Package xcolor Info: Model `hsb' substituted by `rgb' on input line 1352.
Package xcolor Info: Model `RGB' extended on input line 1364.
Package xcolor Info: Model `HTML' substituted by `rgb' on input line 1366.
Package xcolor Info: Model `Hsb' substituted by `hsb' on input line 1367.
Package xcolor Info: Model `tHsb' substituted by `hsb' on input line 1368.
Package xcolor Info: Model `HSB' substituted by `hsb' on input line 1369.
Package xcolor Info: Model `Gray' substituted by `gray' on input line 1370.
Package xcolor Info: Model `wave' substituted by `hsb' on input line 1371.
)
(/usr/local/texlive/2016/texmf-dist/tex/generic/pgf/basiclayer/pgfcore.code.tex
Package: pgfcore 2010/04/11 v3.0.1a (rcs-revision 1.7)
(/usr/local/texlive/2016/texmf-dist/tex/generic/pgf/math/pgfmath.code.tex
(/usr/local/texlive/2016/texmf-dist/tex/generic/pgf/math/pgfmathcalc.code.tex
(/usr/local/texlive/2016/texmf-dist/tex/generic/pgf/math/pgfmathutil.code.tex)
(/usr/local/texlive/2016/texmf-dist/tex/generic/pgf/math/pgfmathparser.code.tex
\pgfmath@dimen=\dimen124
\pgfmath@count=\count97
\pgfmath@box=\box27
\pgfmath@toks=\toks23
\pgfmath@stack@operand=\toks24
\pgfmath@stack@operation=\toks25
)
(/usr/local/texlive/2016/texmf-dist/tex/generic/pgf/math/pgfmathfunctions.code.
tex
(/usr/local/texlive/2016/texmf-dist/tex/generic/pgf/math/pgfmathfunctions.basic
.code.tex)
(/usr/local/texlive/2016/texmf-dist/tex/generic/pgf/math/pgfmathfunctions.trigo
nometric.code.tex)
(/usr/local/texlive/2016/texmf-dist/tex/generic/pgf/math/pgfmathfunctions.rando
m.code.tex)
(/usr/local/texlive/2016/texmf-dist/tex/generic/pgf/math/pgfmathfunctions.compa
rison.code.tex)
(/usr/local/texlive/2016/texmf-dist/tex/generic/pgf/math/pgfmathfunctions.base.
code.tex)
(/usr/local/texlive/2016/texmf-dist/tex/generic/pgf/math/pgfmathfunctions.round
.code.tex)
(/usr/local/texlive/2016/texmf-dist/tex/generic/pgf/math/pgfmathfunctions.misc.
code.tex)
(/usr/local/texlive/2016/texmf-dist/tex/generic/pgf/math/pgfmathfunctions.integ
erarithmetics.code.tex)))
(/usr/local/texlive/2016/texmf-dist/tex/generic/pgf/math/pgfmathfloat.code.tex
\c@pgfmathroundto@lastzeros=\count98
))
(/usr/local/texlive/2016/texmf-dist/tex/generic/pgf/basiclayer/pgfcorepoints.co
de.tex
File: pgfcorepoints.code.tex 2013/10/07  (rcs-revision 1.27)
\pgf@picminx=\dimen125
\pgf@picmaxx=\dimen126
\pgf@picminy=\dimen127
\pgf@picmaxy=\dimen128
\pgf@pathminx=\dimen129
\pgf@pathmaxx=\dimen130
\pgf@pathminy=\dimen131
\pgf@pathmaxy=\dimen132
\pgf@xx=\dimen133
\pgf@xy=\dimen134
\pgf@yx=\dimen135
\pgf@yy=\dimen136
\pgf@zx=\dimen137
\pgf@zy=\dimen138
)
(/usr/local/texlive/2016/texmf-dist/tex/generic/pgf/basiclayer/pgfcorepathconst
ruct.code.tex
File: pgfcorepathconstruct.code.tex 2013/10/07  (rcs-revision 1.29)
\pgf@path@lastx=\dimen139
\pgf@path@lasty=\dimen140
)
(/usr/local/texlive/2016/texmf-dist/tex/generic/pgf/basiclayer/pgfcorepathusage
.code.tex
File: pgfcorepathusage.code.tex 2014/11/02  (rcs-revision 1.24)
\pgf@shorten@end@additional=\dimen141
\pgf@shorten@start@additional=\dimen142
)
(/usr/local/texlive/2016/texmf-dist/tex/generic/pgf/basiclayer/pgfcorescopes.co
de.tex
File: pgfcorescopes.code.tex 2015/05/08  (rcs-revision 1.46)
\pgfpic=\box28
\pgf@hbox=\box29
\pgf@layerbox@main=\box30
\pgf@picture@serial@count=\count99
)
(/usr/local/texlive/2016/texmf-dist/tex/generic/pgf/basiclayer/pgfcoregraphicst
ate.code.tex
File: pgfcoregraphicstate.code.tex 2014/11/02  (rcs-revision 1.12)
\pgflinewidth=\dimen143
)
(/usr/local/texlive/2016/texmf-dist/tex/generic/pgf/basiclayer/pgfcoretransform
ations.code.tex
File: pgfcoretransformations.code.tex 2015/08/07  (rcs-revision 1.20)
\pgf@pt@x=\dimen144
\pgf@pt@y=\dimen145
\pgf@pt@temp=\dimen146
)
(/usr/local/texlive/2016/texmf-dist/tex/generic/pgf/basiclayer/pgfcorequick.cod
e.tex
File: pgfcorequick.code.tex 2008/10/09  (rcs-revision 1.3)
)
(/usr/local/texlive/2016/texmf-dist/tex/generic/pgf/basiclayer/pgfcoreobjects.c
ode.tex
File: pgfcoreobjects.code.tex 2006/10/11  (rcs-revision 1.2)
)
(/usr/local/texlive/2016/texmf-dist/tex/generic/pgf/basiclayer/pgfcorepathproce
ssing.code.tex
File: pgfcorepathprocessing.code.tex 2013/09/09  (rcs-revision 1.9)
)
(/usr/local/texlive/2016/texmf-dist/tex/generic/pgf/basiclayer/pgfcorearrows.co
de.tex
File: pgfcorearrows.code.tex 2015/05/14  (rcs-revision 1.43)
\pgfarrowsep=\dimen147
)
(/usr/local/texlive/2016/texmf-dist/tex/generic/pgf/basiclayer/pgfcoreshade.cod
e.tex
File: pgfcoreshade.code.tex 2013/07/15  (rcs-revision 1.15)
\pgf@max=\dimen148
\pgf@sys@shading@range@num=\count100
)
(/usr/local/texlive/2016/texmf-dist/tex/generic/pgf/basiclayer/pgfcoreimage.cod
e.tex
File: pgfcoreimage.code.tex 2013/07/15  (rcs-revision 1.18)

(/usr/local/texlive/2016/texmf-dist/tex/generic/pgf/basiclayer/pgfcoreexternal.
code.tex
File: pgfcoreexternal.code.tex 2014/07/09  (rcs-revision 1.21)
\pgfexternal@startupbox=\box31
))
(/usr/local/texlive/2016/texmf-dist/tex/generic/pgf/basiclayer/pgfcorelayers.co
de.tex
File: pgfcorelayers.code.tex 2013/07/18  (rcs-revision 1.7)
)
(/usr/local/texlive/2016/texmf-dist/tex/generic/pgf/basiclayer/pgfcoretranspare
ncy.code.tex
File: pgfcoretransparency.code.tex 2013/09/30  (rcs-revision 1.5)
)
(/usr/local/texlive/2016/texmf-dist/tex/generic/pgf/basiclayer/pgfcorepatterns.
code.tex
File: pgfcorepatterns.code.tex 2013/11/07  (rcs-revision 1.5)
)))
(/usr/local/texlive/2016/texmf-dist/tex/generic/pgf/modules/pgfmoduleshapes.cod
e.tex
File: pgfmoduleshapes.code.tex 2014/03/21  (rcs-revision 1.35)
\pgfnodeparttextbox=\box32
)
(/usr/local/texlive/2016/texmf-dist/tex/generic/pgf/modules/pgfmoduleplot.code.
tex
File: pgfmoduleplot.code.tex 2015/08/03  (rcs-revision 1.13)
)
(/usr/local/texlive/2016/texmf-dist/tex/latex/pgf/compatibility/pgfcomp-version
-0-65.sty
Package: pgfcomp-version-0-65 2007/07/03 v3.0.1a (rcs-revision 1.7)
\pgf@nodesepstart=\dimen149
\pgf@nodesepend=\dimen150
)
(/usr/local/texlive/2016/texmf-dist/tex/latex/pgf/compatibility/pgfcomp-version
-1-18.sty
Package: pgfcomp-version-1-18 2007/07/23 v3.0.1a (rcs-revision 1.1)
))
(/usr/local/texlive/2016/texmf-dist/tex/latex/pgf/utilities/pgffor.sty
(/usr/local/texlive/2016/texmf-dist/tex/latex/pgf/utilities/pgfkeys.sty
(/usr/local/texlive/2016/texmf-dist/tex/generic/pgf/utilities/pgfkeys.code.tex)
) (/usr/local/texlive/2016/texmf-dist/tex/latex/pgf/math/pgfmath.sty
(/usr/local/texlive/2016/texmf-dist/tex/generic/pgf/math/pgfmath.code.tex))
(/usr/local/texlive/2016/texmf-dist/tex/generic/pgf/utilities/pgffor.code.tex
Package: pgffor 2013/12/13 v3.0.1a (rcs-revision 1.25)

(/usr/local/texlive/2016/texmf-dist/tex/generic/pgf/math/pgfmath.code.tex)
\pgffor@iter=\dimen151
\pgffor@skip=\dimen152
\pgffor@stack=\toks26
\pgffor@toks=\toks27
))
(/usr/local/texlive/2016/texmf-dist/tex/generic/pgf/frontendlayer/tikz/tikz.cod
e.tex
Package: tikz 2015/08/07 v3.0.1a (rcs-revision 1.151)

(/usr/local/texlive/2016/texmf-dist/tex/generic/pgf/libraries/pgflibraryplothan
dlers.code.tex
File: pgflibraryplothandlers.code.tex 2013/08/31 v3.0.1a (rcs-revision 1.20)
\pgf@plot@mark@count=\count101
\pgfplotmarksize=\dimen153
)
\tikz@lastx=\dimen154
\tikz@lasty=\dimen155
\tikz@lastxsaved=\dimen156
\tikz@lastysaved=\dimen157
\tikzleveldistance=\dimen158
\tikzsiblingdistance=\dimen159
\tikz@figbox=\box33
\tikz@figbox@bg=\box34
\tikz@tempbox=\box35
\tikz@tempbox@bg=\box36
\tikztreelevel=\count102
\tikznumberofchildren=\count103
\tikznumberofcurrentchild=\count104
\tikz@fig@count=\count105

(/usr/local/texlive/2016/texmf-dist/tex/generic/pgf/modules/pgfmodulematrix.cod
e.tex
File: pgfmodulematrix.code.tex 2013/09/17  (rcs-revision 1.8)
\pgfmatrixcurrentrow=\count106
\pgfmatrixcurrentcolumn=\count107
\pgf@matrix@numberofcolumns=\count108
)
\tikz@expandcount=\count109

(/usr/local/texlive/2016/texmf-dist/tex/generic/pgf/frontendlayer/tikz/librarie
s/tikzlibrarytopaths.code.tex
File: tikzlibrarytopaths.code.tex 2008/06/17 v3.0.1a (rcs-revision 1.2)
)))
(/usr/local/texlive/2016/texmf-dist/tex/latex/base/ifthen.sty
Package: ifthen 2014/09/29 v1.1c Standard LaTeX ifthen package (DPC)
)
(/usr/local/texlive/2016/texmf-dist/tex/latex/mathtools/mathtools.sty
Package: mathtools 2015/11/12 v1.18 mathematical typesetting tools

(/usr/local/texlive/2016/texmf-dist/tex/latex/tools/calc.sty
Package: calc 2014/10/28 v4.3 Infix arithmetic (KKT,FJ)
\calc@Acount=\count110
\calc@Bcount=\count111
\calc@Adimen=\dimen160
\calc@Bdimen=\dimen161
\calc@Askip=\skip43
\calc@Bskip=\skip44
LaTeX Info: Redefining \setlength on input line 80.
LaTeX Info: Redefining \addtolength on input line 81.
\calc@Ccount=\count112
\calc@Cskip=\skip45
)
(/usr/local/texlive/2016/texmf-dist/tex/latex/mathtools/mhsetup.sty
Package: mhsetup 2010/01/21 v1.2a programming setup (MH)
)
(/usr/local/texlive/2016/texmf-dist/tex/latex/amsmath/amsmath.sty
Package: amsmath 2016/03/10 v2.15b AMS math features
\@mathmargin=\skip46

For additional information on amsmath, use the `?' option.
(/usr/local/texlive/2016/texmf-dist/tex/latex/amsmath/amstext.sty
Package: amstext 2000/06/29 v2.01 AMS text

(/usr/local/texlive/2016/texmf-dist/tex/latex/amsmath/amsgen.sty
File: amsgen.sty 1999/11/30 v2.0 generic functions
\@emptytoks=\toks28
\ex@=\dimen162
))
(/usr/local/texlive/2016/texmf-dist/tex/latex/amsmath/amsbsy.sty
Package: amsbsy 1999/11/29 v1.2d Bold Symbols
\pmbraise@=\dimen163
)
(/usr/local/texlive/2016/texmf-dist/tex/latex/amsmath/amsopn.sty
Package: amsopn 2016/03/08 v2.02 operator names
)
\inf@bad=\count113
LaTeX Info: Redefining \frac on input line 199.
\uproot@=\count114
\leftroot@=\count115
LaTeX Info: Redefining \overline on input line 297.
\classnum@=\count116
\DOTSCASE@=\count117
LaTeX Info: Redefining \ldots on input line 394.
LaTeX Info: Redefining \dots on input line 397.
LaTeX Info: Redefining \cdots on input line 518.
\Mathstrutbox@=\box37
\strutbox@=\box38
\big@size=\dimen164
LaTeX Font Info:    Redeclaring font encoding OML on input line 634.
LaTeX Font Info:    Redeclaring font encoding OMS on input line 635.
\macc@depth=\count118
\c@MaxMatrixCols=\count119
\dotsspace@=\muskip10
\c@parentequation=\count120
\dspbrk@lvl=\count121
\tag@help=\toks29
\row@=\count122
\column@=\count123
\maxfields@=\count124
\andhelp@=\toks30
\eqnshift@=\dimen165
\alignsep@=\dimen166
\tagshift@=\dimen167
\tagwidth@=\dimen168
\totwidth@=\dimen169
\lineht@=\dimen170
\@envbody=\toks31
\multlinegap=\skip47
\multlinetaggap=\skip48
\mathdisplay@stack=\toks32
LaTeX Info: Redefining \[ on input line 2739.
LaTeX Info: Redefining \] on input line 2740.
)
LaTeX Info: Thecontrolsequence`\('isalreadyrobust on input line 129.
LaTeX Info: Thecontrolsequence`\)'isalreadyrobust on input line 129.
LaTeX Info: Thecontrolsequence`\['isalreadyrobust on input line 129.
LaTeX Info: Thecontrolsequence`\]'isalreadyrobust on input line 129.
\g_MT_multlinerow_int=\count125
\l_MT_multwidth_dim=\dimen171
\origjot=\skip49
\l_MT_shortvdotswithinadjustabove_dim=\dimen172
\l_MT_shortvdotswithinadjustbelow_dim=\dimen173
\l_MT_above_intertext_sep=\dimen174
\l_MT_below_intertext_sep=\dimen175
\l_MT_above_shortintertext_sep=\dimen176
\l_MT_below_shortintertext_sep=\dimen177
)
(/usr/local/texlive/2016/texmf-dist/tex/latex/tools/longtable.sty
Package: longtable 2014/10/28 v4.11 Multi-page Table package (DPC)
\LTleft=\skip50
\LTright=\skip51
\LTpre=\skip52
\LTpost=\skip53
\LTchunksize=\count126
\LTcapwidth=\dimen178
\LT@head=\box39
\LT@firsthead=\box40
\LT@foot=\box41
\LT@lastfoot=\box42
\LT@cols=\count127
\LT@rows=\count128
\c@LT@tables=\count129
\c@LT@chunks=\count130
\LT@p@ftn=\toks33
)
(/usr/local/texlive/2016/texmf-dist/tex/latex/enumitem/enumitem.sty
Package: enumitem 2011/09/28 v3.5.2 Customized lists
\labelindent=\skip54
\enit@outerparindent=\dimen179
\enit@toks=\toks34
\enit@inbox=\box43
\enitdp@description=\count131
)
(/usr/local/texlive/2016/texmf-dist/tex/latex/hyperref/hyperref.sty
Package: hyperref 2016/05/05 v6.83n Hypertext links for LaTeX

(/usr/local/texlive/2016/texmf-dist/tex/generic/oberdiek/hobsub-hyperref.sty
Package: hobsub-hyperref 2016/05/16 v1.14 Bundle oberdiek, subset hyperref (HO)


(/usr/local/texlive/2016/texmf-dist/tex/generic/oberdiek/hobsub-generic.sty
Package: hobsub-generic 2016/05/16 v1.14 Bundle oberdiek, subset generic (HO)
Package: hobsub 2016/05/16 v1.14 Construct package bundles (HO)
Package hobsub Info: Skipping package `infwarerr' (already loaded).
Package hobsub Info: Skipping package `ltxcmds' (already loaded).
Package: ifluatex 2016/05/16 v1.4 Provides the ifluatex switch (HO)
Package ifluatex Info: LuaTeX not detected.
Package hobsub Info: Skipping package `ifvtex' (already loaded).
Package: intcalc 2016/05/16 v1.2 Expandable calculations with integers (HO)
Package hobsub Info: Skipping package `ifpdf' (already loaded).
Package: etexcmds 2016/05/16 v1.6 Avoid name clashes with e-TeX commands (HO)
Package etexcmds Info: Could not find \expanded.
(etexcmds)             That can mean that you are not using pdfTeX 1.50 or
(etexcmds)             that some package has redefined \expanded.
(etexcmds)             In the latter case, load this package earlier.
Package: kvsetkeys 2016/05/16 v1.17 Key value parser (HO)
Package: kvdefinekeys 2016/05/16 v1.4 Define keys (HO)
Package: pdftexcmds 2016/05/10 v0.21 Utility functions of pdfTeX for LuaTeX (HO
)
Package pdftexcmds Info: LuaTeX not detected.
Package pdftexcmds Info: \pdf@primitive is available.
Package pdftexcmds Info: \pdf@ifprimitive is available.
Package pdftexcmds Info: \pdfdraftmode found.
Package: pdfescape 2016/05/16 v1.14 Implements pdfTeX's escape features (HO)
Package: bigintcalc 2016/05/16 v1.4 Expandable calculations on big integers (HO
)
Package: bitset 2016/05/16 v1.2 Handle bit-vector datatype (HO)
Package: uniquecounter 2016/05/16 v1.3 Provide unlimited unique counter (HO)
)
Package hobsub Info: Skipping package `hobsub' (already loaded).
Package: letltxmacro 2016/05/16 v1.5 Let assignment for LaTeX macros (HO)
Package: hopatch 2016/05/16 v1.3 Wrapper for package hooks (HO)
Package: xcolor-patch 2016/05/16 xcolor patch
Package: atveryend 2016/05/16 v1.9 Hooks at the very end of document (HO)
Package atveryend Info: \enddocument detected (standard20110627).
Package: atbegshi 2016/05/16 v1.17 At begin shipout hook (HO)
Package: refcount 2016/05/16 v3.5 Data extraction from label references (HO)
Package: hycolor 2016/05/16 v1.8 Color options for hyperref/bookmark (HO)
)
(/usr/local/texlive/2016/texmf-dist/tex/latex/oberdiek/auxhook.sty
Package: auxhook 2016/05/16 v1.4 Hooks for auxiliary files (HO)
)
(/usr/local/texlive/2016/texmf-dist/tex/latex/oberdiek/kvoptions.sty
Package: kvoptions 2016/05/16 v3.12 Key value format for package options (HO)
)
\@linkdim=\dimen180
\Hy@linkcounter=\count132
\Hy@pagecounter=\count133

(/usr/local/texlive/2016/texmf-dist/tex/latex/hyperref/pd1enc.def
File: pd1enc.def 2016/05/05 v6.83n Hyperref: PDFDocEncoding definition (HO)
)
\Hy@SavedSpaceFactor=\count134

(/usr/local/texlive/2016/texmf-dist/tex/latex/latexconfig/hyperref.cfg
File: hyperref.cfg 2002/06/06 v1.2 hyperref configuration of TeXLive
)
Package hyperref Info: Hyper figures OFF on input line 4446.
Package hyperref Info: Link nesting OFF on input line 4451.
Package hyperref Info: Hyper index ON on input line 4454.
Package hyperref Info: Plain pages OFF on input line 4461.
Package hyperref Info: Backreferencing OFF on input line 4466.
Package hyperref Info: Implicit mode ON; LaTeX internals redefined.
Package hyperref Info: Bookmarks ON on input line 4691.
\c@Hy@tempcnt=\count135

(/usr/local/texlive/2016/texmf-dist/tex/latex/url/url.sty
\Urlmuskip=\muskip11
Package: url 2013/09/16  ver 3.4  Verb mode for urls, etc.
)
LaTeX Info: Redefining \url on input line 5044.
\XeTeXLinkMargin=\dimen181
\Fld@menulength=\count136
\Field@Width=\dimen182
\Fld@charsize=\dimen183
Package hyperref Info: Hyper figures OFF on input line 6298.
Package hyperref Info: Link nesting OFF on input line 6303.
Package hyperref Info: Hyper index ON on input line 6306.
Package hyperref Info: backreferencing OFF on input line 6313.
Package hyperref Info: Link coloring OFF on input line 6318.
Package hyperref Info: Link coloring with OCG OFF on input line 6323.
Package hyperref Info: PDF/A mode OFF on input line 6328.
LaTeX Info: Redefining \ref on input line 6368.
LaTeX Info: Redefining \pageref on input line 6372.
\Hy@abspage=\count137
\c@Item=\count138
\c@Hfootnote=\count139
)

Package hyperref Message: Driver (autodetected): hpdftex.

(/usr/local/texlive/2016/texmf-dist/tex/latex/hyperref/hpdftex.def
File: hpdftex.def 2016/05/05 v6.83n Hyperref driver for pdfTeX
\Fld@listcount=\count140
\c@bookmark@seq@number=\count141

(/usr/local/texlive/2016/texmf-dist/tex/latex/oberdiek/rerunfilecheck.sty
Package: rerunfilecheck 2016/05/16 v1.8 Rerun checks for auxiliary files (HO)
Package uniquecounter Info: New unique counter `rerunfilecheck' on input line 2
82.
)
\Hy@SectionHShift=\skip55
)
(/usr/local/texlive/2016/texmf-dist/tex/latex/float/float.sty
Package: float 2001/11/08 v1.3d Float enhancements (AL)
\c@float@type=\count142
\float@exts=\toks35
\float@box=\box44
\@float@everytoks=\toks36
\@floatcapt=\box45
)
(/usr/local/texlive/2016/texmf-dist/tex/latex/booktabs/booktabs.sty
Package: booktabs 2016/04/27 v1.618033 publication quality tables
\heavyrulewidth=\dimen184
\lightrulewidth=\dimen185
\cmidrulewidth=\dimen186
\belowrulesep=\dimen187
\belowbottomsep=\dimen188
\aboverulesep=\dimen189
\abovetopsep=\dimen190
\cmidrulesep=\dimen191
\cmidrulekern=\dimen192
\defaultaddspace=\dimen193
\@cmidla=\count143
\@cmidlb=\count144
\@aboverulesep=\dimen194
\@belowrulesep=\dimen195
\@thisruleclass=\count145
\@lastruleclass=\count146
\@thisrulewidth=\dimen196
)
(/usr/local/texlive/2016/texmf-dist/tex/latex/makecell/makecell.sty
Package: makecell 2009/08/03 V0.1e Managing of Tab Column Heads and Cells

(/usr/local/texlive/2016/texmf-dist/tex/latex/tools/array.sty
Package: array 2014/10/28 v2.4c Tabular extension package (FMi)
\col@sep=\dimen197
\extrarowheight=\dimen198
\NC@list=\toks37
\extratabsurround=\skip56
\backup@length=\skip57
)
\rotheadsize=\dimen199
\c@nlinenum=\count147
\TeXr@lab=\toks38
)
(/usr/local/texlive/2016/texmf-dist/tex/latex/caption/subcaption.sty
Package: subcaption 2016/02/20 v1.1-142 Sub-captions (AR)

(/usr/local/texlive/2016/texmf-dist/tex/latex/caption/caption.sty
Package: caption 2016/02/21 v3.3-144 Customizing captions (AR)

(/usr/local/texlive/2016/texmf-dist/tex/latex/caption/caption3.sty
Package: caption3 2016/02/04 v1.7-139 caption3 kernel (AR)
Package caption3 Info: TeX engine: e-TeX on input line 67.
\captionmargin=\dimen256
\captionmargin@=\dimen257
\captionwidth=\dimen258
\caption@tempdima=\dimen259
\caption@indent=\dimen260
\caption@parindent=\dimen261
\caption@hangindent=\dimen262
)
\c@ContinuedFloat=\count148
Package caption Info: float package is loaded.
Package caption Info: hyperref package is loaded.
Package caption Info: longtable package is loaded.

(/usr/local/texlive/2016/texmf-dist/tex/latex/caption/ltcaption.sty
Package: ltcaption 2013/06/09 v1.4-94 longtable captions (AR)
))
\c@subfigure=\count149
\c@subtable=\count150
)
(/usr/local/texlive/2016/texmf-dist/tex/latex/colortbl/colortbl.sty
Package: colortbl 2012/02/13 v1.0a Color table columns (DPC)
\everycr=\toks39
\minrowclearance=\skip58
)
(/usr/local/texlive/2016/texmf-dist/tex/generic/ulem/ulem.sty
\UL@box=\box46
\UL@hyphenbox=\box47
\UL@skip=\skip59
\UL@hook=\toks40
\UL@height=\dimen263
\UL@pe=\count151
\UL@pixel=\dimen264
\ULC@box=\box48
Package: ulem 2012/05/18
\ULdepth=\dimen265
)
(/usr/local/texlive/2016/texmf-dist/tex/latex/tools/multicol.sty
Package: multicol 2016/04/07 v1.8p multicolumn formatting (FMi)
\c@tracingmulticols=\count152
\mult@box=\box49
\multicol@leftmargin=\dimen266
\c@unbalance=\count153
\c@collectmore=\count154
\doublecol@number=\count155
\multicoltolerance=\count156
\multicolpretolerance=\count157
\full@width=\dimen267
\page@free=\dimen268
\premulticols=\dimen269
\postmulticols=\dimen270
\multicolsep=\skip60
\multicolbaselineskip=\skip61
\partial@page=\box50
\last@line=\box51
\maxbalancingoverflow=\dimen271
\mult@rightbox=\box52
\mult@grightbox=\box53
\mult@gfirstbox=\box54
\mult@firstbox=\box55
\@tempa=\box56
\@tempa=\box57
\@tempa=\box58
\@tempa=\box59
\@tempa=\box60
\@tempa=\box61
\@tempa=\box62
\@tempa=\box63
\@tempa=\box64
\@tempa=\box65
\@tempa=\box66
\@tempa=\box67
\@tempa=\box68
\@tempa=\box69
\@tempa=\box70
\@tempa=\box71
\@tempa=\box72
\c@columnbadness=\count158
\c@finalcolumnbadness=\count159
\last@try=\dimen272
\multicolovershoot=\dimen273
\multicolundershoot=\dimen274
\mult@nat@firstbox=\box73
\colbreak@box=\box74
\mc@col@check@num=\count160
)
(/usr/local/texlive/2016/texmf-dist/tex/latex/txfonts/txfonts.sty
Package: txfonts 2008/01/22 v3.2.1
LaTeX Font Info:    Redeclaring symbol font `operators' on input line 21.
LaTeX Font Info:    Overwriting symbol font `operators' in version `normal'
(Font)                  OT1/cmr/m/n --> OT1/txr/m/n on input line 21.
LaTeX Font Info:    Overwriting symbol font `operators' in version `bold'
(Font)                  OT1/cmr/bx/n --> OT1/txr/m/n on input line 21.
LaTeX Font Info:    Overwriting symbol font `operators' in version `bold'
(Font)                  OT1/txr/m/n --> OT1/txr/bx/n on input line 22.
\symitalic=\mathgroup4
LaTeX Font Info:    Overwriting symbol font `italic' in version `bold'
(Font)                  OT1/txr/m/it --> OT1/txr/bx/it on input line 26.
LaTeX Font Info:    Redeclaring math alphabet \mathbf on input line 29.
LaTeX Font Info:    Overwriting math alphabet `\mathbf' in version `normal'
(Font)                  OT1/cmr/bx/n --> OT1/txr/bx/n on input line 29.
LaTeX Font Info:    Overwriting math alphabet `\mathbf' in version `bold'
(Font)                  OT1/cmr/bx/n --> OT1/txr/bx/n on input line 29.
LaTeX Font Info:    Redeclaring math alphabet \mathit on input line 30.
LaTeX Font Info:    Overwriting math alphabet `\mathit' in version `normal'
(Font)                  OT1/cmr/m/it --> OT1/txr/m/it on input line 30.
LaTeX Font Info:    Overwriting math alphabet `\mathit' in version `bold'
(Font)                  OT1/cmr/bx/it --> OT1/txr/m/it on input line 30.
LaTeX Font Info:    Overwriting math alphabet `\mathit' in version `bold'
(Font)                  OT1/txr/m/it --> OT1/txr/bx/it on input line 31.
LaTeX Font Info:    Redeclaring math alphabet \mathsf on input line 40.
LaTeX Font Info:    Overwriting math alphabet `\mathsf' in version `normal'
(Font)                  OT1/cmss/m/n --> OT1/txss/m/n on input line 40.
LaTeX Font Info:    Overwriting math alphabet `\mathsf' in version `bold'
(Font)                  OT1/cmss/bx/n --> OT1/txss/m/n on input line 40.
LaTeX Font Info:    Overwriting math alphabet `\mathsf' in version `bold'
(Font)                  OT1/txss/m/n --> OT1/txss/b/n on input line 41.
LaTeX Font Info:    Redeclaring math alphabet \mathtt on input line 50.
LaTeX Font Info:    Overwriting math alphabet `\mathtt' in version `normal'
(Font)                  OT1/cmtt/m/n --> OT1/txtt/m/n on input line 50.
LaTeX Font Info:    Overwriting math alphabet `\mathtt' in version `bold'
(Font)                  OT1/cmtt/m/n --> OT1/txtt/m/n on input line 50.
LaTeX Font Info:    Overwriting math alphabet `\mathtt' in version `bold'
(Font)                  OT1/txtt/m/n --> OT1/txtt/b/n on input line 51.
LaTeX Font Info:    Redeclaring symbol font `letters' on input line 58.
LaTeX Font Info:    Overwriting symbol font `letters' in version `normal'
(Font)                  OML/cmm/m/it --> OML/txmi/m/it on input line 58.
LaTeX Font Info:    Overwriting symbol font `letters' in version `bold'
(Font)                  OML/cmm/b/it --> OML/txmi/m/it on input line 58.
LaTeX Font Info:    Overwriting symbol font `letters' in version `bold'
(Font)                  OML/txmi/m/it --> OML/txmi/bx/it on input line 59.
\symlettersA=\mathgroup5
LaTeX Font Info:    Overwriting symbol font `lettersA' in version `bold'
(Font)                  U/txmia/m/it --> U/txmia/bx/it on input line 67.
LaTeX Font Info:    Redeclaring symbol font `symbols' on input line 77.
LaTeX Font Info:    Overwriting symbol font `symbols' in version `normal'
(Font)                  OMS/cmsy/m/n --> OMS/txsy/m/n on input line 77.
LaTeX Font Info:    Overwriting symbol font `symbols' in version `bold'
(Font)                  OMS/cmsy/b/n --> OMS/txsy/m/n on input line 77.
LaTeX Font Info:    Overwriting symbol font `symbols' in version `bold'
(Font)                  OMS/txsy/m/n --> OMS/txsy/bx/n on input line 78.
\symAMSa=\mathgroup6
LaTeX Font Info:    Overwriting symbol font `AMSa' in version `bold'
(Font)                  U/txsya/m/n --> U/txsya/bx/n on input line 94.
\symAMSb=\mathgroup7
LaTeX Font Info:    Overwriting symbol font `AMSb' in version `bold'
(Font)                  U/txsyb/m/n --> U/txsyb/bx/n on input line 103.
\symsymbolsC=\mathgroup8
LaTeX Font Info:    Overwriting symbol font `symbolsC' in version `bold'
(Font)                  U/txsyc/m/n --> U/txsyc/bx/n on input line 113.
LaTeX Font Info:    Redeclaring symbol font `largesymbols' on input line 120.
LaTeX Font Info:    Overwriting symbol font `largesymbols' in version `normal'
(Font)                  OMX/cmex/m/n --> OMX/txex/m/n on input line 120.
LaTeX Font Info:    Overwriting symbol font `largesymbols' in version `bold'
(Font)                  OMX/cmex/m/n --> OMX/txex/m/n on input line 120.
LaTeX Font Info:    Overwriting symbol font `largesymbols' in version `bold'
(Font)                  OMX/txex/m/n --> OMX/txex/bx/n on input line 121.
\symlargesymbolsA=\mathgroup9
LaTeX Font Info:    Overwriting symbol font `largesymbolsA' in version `bold'
(Font)                  U/txexa/m/n --> U/txexa/bx/n on input line 129.
LaTeX Info: Redefining \not on input line 1043.
)
(/usr/local/texlive/2016/texmf-dist/tex/latex/amsfonts/amsfonts.sty
Package: amsfonts 2013/01/14 v3.01 Basic AMSFonts support
LaTeX Font Info:    Redeclaring symbol font `AMSa' on input line 59.
LaTeX Font Info:    Overwriting symbol font `AMSa' in version `normal'
(Font)                  U/txsya/m/n --> U/msa/m/n on input line 59.
LaTeX Font Info:    Overwriting symbol font `AMSa' in version `bold'
(Font)                  U/txsya/bx/n --> U/msa/m/n on input line 59.
LaTeX Font Info:    Redeclaring symbol font `AMSb' on input line 60.
LaTeX Font Info:    Overwriting symbol font `AMSb' in version `normal'
(Font)                  U/txsyb/m/n --> U/msb/m/n on input line 60.
LaTeX Font Info:    Overwriting symbol font `AMSb' in version `bold'
(Font)                  U/txsyb/bx/n --> U/msb/m/n on input line 60.
LaTeX Font Info:    Redeclaring math delimiter \ulcorner on input line 74.
LaTeX Font Info:    Redeclaring math delimiter \urcorner on input line 75.
LaTeX Font Info:    Redeclaring math delimiter \llcorner on input line 76.
LaTeX Font Info:    Redeclaring math delimiter \lrcorner on input line 77.
LaTeX Font Info:    Redeclaring math symbol \square on input line 141.
LaTeX Font Info:    Redeclaring math symbol \lozenge on input line 142.
)
(/usr/local/texlive/2016/texmf-dist/tex/latex/natbib/natbib.sty
Package: natbib 2010/09/13 8.31b (PWD, AO)
\bibhang=\skip62
\bibsep=\skip63
LaTeX Info: Redefining \cite on input line 694.
\c@NAT@ctr=\count161
)
(/usr/local/texlive/2016/texmf-dist/tex/latex/gb4e/gb4e.sty
(/usr/local/texlive/2016/texmf-dist/tex/latex/gb4e/cgloss4e.sty
\lineone=\box75
\linetwo=\box76
\linethree=\box77
\wordone=\box78
\wordtwo=\box79
\wordthree=\box80
\gline=\box81
\glossglue=\skip64
)
\c@fnx=\count162
\@xnumdepth=\count163
\c@xnumi=\count164
\c@xnumii=\count165
\c@xnumiii=\count166
\c@xnumiv=\count167
\c@exx=\count168
\c@rxnumi=\count169
\c@rxnumii=\count170
\c@rxnumiii=\count171
\c@rxnumiv=\count172
\lcommentsep=\skip65
)
(/usr/local/texlive/2016/texmf-dist/tex/generic/xypic/xy.sty
(/usr/local/texlive/2016/texmf-dist/tex/generic/xypic/xy.tex Bootstrap'ing:
catcodes, docmode,
(/usr/local/texlive/2016/texmf-dist/tex/generic/xypic/xyrecat.tex)
(/usr/local/texlive/2016/texmf-dist/tex/generic/xypic/xyidioms.tex)

 Xy-pic version 3.8.9 <2013/10/06>
 Copyright (c) 1991-2013 by Kristoffer H. Rose <krisrose@tug.org> and others
 Xy-pic is free software: see the User's Guide for details.

Loading kernel: messages; fonts; allocations: state,
\X@c=\dimen275
\Y@c=\dimen276
\U@c=\dimen277
\D@c=\dimen278
\L@c=\dimen279
\R@c=\dimen280
\Edge@c=\toks41
\X@p=\dimen281
\Y@p=\dimen282
\U@p=\dimen283
\D@p=\dimen284
\L@p=\dimen285
\R@p=\dimen286
\Edge@p=\toks42
\X@origin=\dimen287
\Y@origin=\dimen288
\X@xbase=\dimen289
\Y@xbase=\dimen290
\X@ybase=\dimen291
\Y@ybase=\dimen292
\X@min=\dimen293
\Y@min=\dimen294
\X@max=\dimen295
\Y@max=\dimen296
\lastobjectbox@=\box82
\zerodotbox@=\box83
\almostz@=\dimen297
 direction,
\d@X=\dimen298
\d@Y=\dimen299
\K@=\count173
\KK@=\count174
\Direction=\count175
\K@dXdY=\dimen300
\K@dYdX=\dimen301
\xyread@=\read2
\xywrite@=\write4
\csp@=\count176
\quotPTK@=\dimen302

utility macros; pictures: \xy, positions,
\swaptoks@@=\toks43
\connectobjectbox@@=\box84
 objects,
\styletoks@=\toks44
 decorations;
kernel objects: directionals, circles, text; options; algorithms: directions,
edges, connections;  Xy-pic loaded)
Package: xy 2013/10/06 Xy-pic version 3.8.9

(/usr/local/texlive/2016/texmf-dist/tex/generic/xypic/xyall.tex
 Xy-pic option: All features v.3.8
(/usr/local/texlive/2016/texmf-dist/tex/generic/xypic/xycurve.tex
 Xy-pic option: Curve and Spline extension v.3.12 curve,
\crv@cnt@=\count177
\crvpts@=\toks45
\splinebox@=\box85
\splineval@=\dimen303
\splinedepth@=\dimen304
\splinetol@=\dimen305
\splinelength@=\dimen306
 circles,
\L@=\dimen307
 loaded)
(/usr/local/texlive/2016/texmf-dist/tex/generic/xypic/xyframe.tex
 Xy-pic option: Frame and Bracket extension v.3.14 loaded)
(/usr/local/texlive/2016/texmf-dist/tex/generic/xypic/xycmtip.tex
 Xy-pic option: Computer Modern tip extension v.3.7
(/usr/local/texlive/2016/texmf-dist/tex/generic/xypic/xytips.tex
 Xy-pic option: More Tips extension v.3.11 loaded) loaded)
(/usr/local/texlive/2016/texmf-dist/tex/generic/xypic/xyline.tex
 Xy-pic option: Line styles extension v.3.10
\xylinethick@=\dimen308
 loaded)
(/usr/local/texlive/2016/texmf-dist/tex/generic/xypic/xyrotate.tex
 Xy-pic option: Rotate and Scale extension v.3.8 loaded)
(/usr/local/texlive/2016/texmf-dist/tex/generic/xypic/xycolor.tex
 Xy-pic option: Colour extension v.3.11 loaded)
(/usr/local/texlive/2016/texmf-dist/tex/generic/xypic/xymatrix.tex
 Xy-pic option: Matrix feature v.3.14
\Row=\count178
\Col=\count179
\queue@=\toks46
\queue@@=\toks47
\qcount@=\count180
\qcount@@=\count181
\matrixsize@=\count182
 loaded)
(/usr/local/texlive/2016/texmf-dist/tex/generic/xypic/xyarrow.tex
 Xy-pic option: Arrow and Path feature v.3.9 path, \ar, loaded)
(/usr/local/texlive/2016/texmf-dist/tex/generic/xypic/xygraph.tex
 Xy-pic option: Graph feature v.3.11 loaded) loaded)
(/usr/local/texlive/2016/texmf-dist/tex/generic/xypic/xypdf.tex
 Xy-pic option: PDF driver v.1.7 Xy-pic pdf driver: `color' extension support
(/usr/local/texlive/2016/texmf-dist/tex/generic/xypic/xypdf-co.tex loaded)
Xy-pic pdf driver: `curve' extension support
(/usr/local/texlive/2016/texmf-dist/tex/generic/xypic/xypdf-cu.tex loaded)
Xy-pic pdf driver: `frame' extension support
(/usr/local/texlive/2016/texmf-dist/tex/generic/xypic/xypdf-fr.tex loaded)
Xy-pic pdf driver: `line' extension support
(/usr/local/texlive/2016/texmf-dist/tex/generic/xypic/xypdf-li.tex loaded)
Xy-pic pdf driver: `rotate' extension support
(/usr/local/texlive/2016/texmf-dist/tex/generic/xypic/xypdf-ro.tex loaded)
loaded)) (/usr/local/texlive/2016/texmf-dist/tex/latex/rotating/rotating.sty
Package: rotating 2009/03/28 v2.16a rotated objects in LaTeX
\c@r@tfl@t=\count183
\rotFPtop=\skip66
\rotFPbot=\skip67
\rot@float@box=\box86
\rot@mess@toks=\toks48
)
(/usr/local/texlive/2016/texmf-dist/tex/latex/tipa/tipa.sty
Package: tipa 2002/08/08 TIPA version 1.1

(/usr/local/texlive/2016/texmf-dist/tex/latex/base/fontenc.sty
Package: fontenc 2005/09/27 v1.99g Standard LaTeX package

(/usr/local/texlive/2016/texmf-dist/tex/latex/tipa/t3enc.def
File: t3enc.def 2001/12/31 T3 encoding
LaTeX Font Info:    Try loading font information for OT1+txss on input line 357
.

(/usr/local/texlive/2016/texmf-dist/tex/latex/txfonts/ot1txss.fd
File: ot1txss.fd 2000/12/15 v3.1
)
LaTeX Font Info:    Font shape `OT1/txss/m/n' will be
(Font)              scaled to size 10.40245pt on input line 357.
)
(/usr/local/texlive/2016/texmf-dist/tex/latex/base/ot1enc.def
File: ot1enc.def 2005/09/27 v1.99g Standard LaTeX file
LaTeX Font Info:    Redeclaring font encoding OT1 on input line 48.
)))
(/usr/local/texlive/2016/texmf-dist/tex/latex/multirow/multirow.sty
\bigstrutjot=\dimen309
)
(/usr/local/texlive/2016/texmf-dist/tex/latex/preprint/authblk.sty
Package: authblk 2001/02/27 1.3 (PWD)
\affilsep=\skip68
\@affilsep=\skip69
\c@Maxaffil=\count184
\c@authors=\count185
\c@affil=\count186
)
(/usr/local/texlive/2016/texmf-dist/tex/latex/oberdiek/pdflscape.sty
Package: pdflscape 2016/05/14 v0.11 Display of landscape pages in PDF (HO)

(/usr/local/texlive/2016/texmf-dist/tex/latex/graphics/lscape.sty
Package: lscape 2000/10/22 v3.01 Landscape Pages (DPC)
)
Package pdflscape Info: Auto-detected driver: pdftex on input line 81.
)
(/usr/local/texlive/2016/texmf-dist/tex/latex/adjustbox/adjustbox.sty
Package: adjustbox 2012/05/21 v1.0 Adjusting TeX boxes (trim, clip, ...)

(/usr/local/texlive/2016/texmf-dist/tex/latex/xkeyval/xkeyval.sty
Package: xkeyval 2014/12/03 v2.7a package option processing (HA)

(/usr/local/texlive/2016/texmf-dist/tex/generic/xkeyval/xkeyval.tex
(/usr/local/texlive/2016/texmf-dist/tex/generic/xkeyval/xkvutils.tex
\XKV@toks=\toks49
\XKV@tempa@toks=\toks50
)
\XKV@depth=\count187
File: xkeyval.tex 2014/12/03 v2.7a key=value parser (HA)
))
(/usr/local/texlive/2016/texmf-dist/tex/latex/adjustbox/adjcalc.sty
Package: adjcalc 2012/05/16 v1.1 Provides advanced setlength with multiple back
-ends (calc, etex, pgfmath)
)
(/usr/local/texlive/2016/texmf-dist/tex/latex/adjustbox/trimclip.sty
Package: trimclip 2012/05/16 v1.0 Trim and clip general TeX material

(/usr/local/texlive/2016/texmf-dist/tex/latex/collectbox/collectbox.sty
Package: collectbox 2012/05/17 v0.4b Collect macro arguments as boxes
\collectedbox=\box87
)
\tc@llx=\dimen310
\tc@lly=\dimen311
\tc@urx=\dimen312
\tc@ury=\dimen313
Package trimclip Info: Using driver 'tc-pdftex.def'.

(/usr/local/texlive/2016/texmf-dist/tex/latex/adjustbox/tc-pdftex.def
File: tc-pdftex.def 2012/05/13 v1.0 Clipping driver for pdftex
))
\adjbox@Width=\dimen314
\adjbox@Height=\dimen315
\adjbox@Depth=\dimen316
\adjbox@Totalheight=\dimen317

(/usr/local/texlive/2016/texmf-dist/tex/latex/ifoddpage/ifoddpage.sty
Package: ifoddpage 2016/04/23 v1.1 Conditionals for odd/even page detection
\c@checkoddpage=\count188
)
(/usr/local/texlive/2016/texmf-dist/tex/latex/varwidth/varwidth.sty
Package: varwidth 2009/03/30 ver 0.92;  Variable-width minipages
\@vwid@box=\box88
\sift@deathcycles=\count189
\@vwid@loff=\dimen318
\@vwid@roff=\dimen319
))
(/usr/local/texlive/2016/texmf-dist/tex/latex/fdsymbol/fdsymbol.sty
Package: fdsymbol 2011/11/01 v0.8 FdSymbol support package

(/usr/local/texlive/2016/texmf-dist/tex/latex/base/textcomp.sty
Package: textcomp 2005/09/27 v1.99g Standard LaTeX package
Package textcomp Info: Sub-encoding information:
(textcomp)               5 = only ISO-Adobe without \textcurrency
(textcomp)               4 = 5 + \texteuro
(textcomp)               3 = 4 + \textohm
(textcomp)               2 = 3 + \textestimated + \textcurrency
(textcomp)               1 = TS1 - \textcircled - \t
(textcomp)               0 = TS1 (full)
(textcomp)             Font families with sub-encoding setting implement
(textcomp)             only a restricted character set as indicated.
(textcomp)             Family '?' is the default used for unknown fonts.
(textcomp)             See the documentation for details.
Package textcomp Info: Setting ? sub-encoding to TS1/1 on input line 79.

(/usr/local/texlive/2016/texmf-dist/tex/latex/base/ts1enc.def
File: ts1enc.def 2001/06/05 v3.0e (jk/car/fm) Standard LaTeX file
)
LaTeX Info: Redefining \oldstylenums on input line 334.
Package textcomp Info: Setting cmr sub-encoding to TS1/0 on input line 349.
Package textcomp Info: Setting cmss sub-encoding to TS1/0 on input line 350.
Package textcomp Info: Setting cmtt sub-encoding to TS1/0 on input line 351.
Package textcomp Info: Setting cmvtt sub-encoding to TS1/0 on input line 352.
Package textcomp Info: Setting cmbr sub-encoding to TS1/0 on input line 353.
Package textcomp Info: Setting cmtl sub-encoding to TS1/0 on input line 354.
Package textcomp Info: Setting ccr sub-encoding to TS1/0 on input line 355.
Package textcomp Info: Setting ptm sub-encoding to TS1/4 on input line 356.
Package textcomp Info: Setting pcr sub-encoding to TS1/4 on input line 357.
Package textcomp Info: Setting phv sub-encoding to TS1/4 on input line 358.
Package textcomp Info: Setting ppl sub-encoding to TS1/3 on input line 359.
Package textcomp Info: Setting pag sub-encoding to TS1/4 on input line 360.
Package textcomp Info: Setting pbk sub-encoding to TS1/4 on input line 361.
Package textcomp Info: Setting pnc sub-encoding to TS1/4 on input line 362.
Package textcomp Info: Setting pzc sub-encoding to TS1/4 on input line 363.
Package textcomp Info: Setting bch sub-encoding to TS1/4 on input line 364.
Package textcomp Info: Setting put sub-encoding to TS1/5 on input line 365.
Package textcomp Info: Setting uag sub-encoding to TS1/5 on input line 366.
Package textcomp Info: Setting ugq sub-encoding to TS1/5 on input line 367.
Package textcomp Info: Setting ul8 sub-encoding to TS1/4 on input line 368.
Package textcomp Info: Setting ul9 sub-encoding to TS1/4 on input line 369.
Package textcomp Info: Setting augie sub-encoding to TS1/5 on input line 370.
Package textcomp Info: Setting dayrom sub-encoding to TS1/3 on input line 371.
Package textcomp Info: Setting dayroms sub-encoding to TS1/3 on input line 372.

Package textcomp Info: Setting pxr sub-encoding to TS1/0 on input line 373.
Package textcomp Info: Setting pxss sub-encoding to TS1/0 on input line 374.
Package textcomp Info: Setting pxtt sub-encoding to TS1/0 on input line 375.
Package textcomp Info: Setting txr sub-encoding to TS1/0 on input line 376.
Package textcomp Info: Setting txss sub-encoding to TS1/0 on input line 377.
Package textcomp Info: Setting txtt sub-encoding to TS1/0 on input line 378.
Package textcomp Info: Setting lmr sub-encoding to TS1/0 on input line 379.
Package textcomp Info: Setting lmdh sub-encoding to TS1/0 on input line 380.
Package textcomp Info: Setting lmss sub-encoding to TS1/0 on input line 381.
Package textcomp Info: Setting lmssq sub-encoding to TS1/0 on input line 382.
Package textcomp Info: Setting lmvtt sub-encoding to TS1/0 on input line 383.
Package textcomp Info: Setting lmtt sub-encoding to TS1/0 on input line 384.
Package textcomp Info: Setting qhv sub-encoding to TS1/0 on input line 385.
Package textcomp Info: Setting qag sub-encoding to TS1/0 on input line 386.
Package textcomp Info: Setting qbk sub-encoding to TS1/0 on input line 387.
Package textcomp Info: Setting qcr sub-encoding to TS1/0 on input line 388.
Package textcomp Info: Setting qcs sub-encoding to TS1/0 on input line 389.
Package textcomp Info: Setting qpl sub-encoding to TS1/0 on input line 390.
Package textcomp Info: Setting qtm sub-encoding to TS1/0 on input line 391.
Package textcomp Info: Setting qzc sub-encoding to TS1/0 on input line 392.
Package textcomp Info: Setting qhvc sub-encoding to TS1/0 on input line 393.
Package textcomp Info: Setting futs sub-encoding to TS1/4 on input line 394.
Package textcomp Info: Setting futx sub-encoding to TS1/4 on input line 395.
Package textcomp Info: Setting futj sub-encoding to TS1/4 on input line 396.
Package textcomp Info: Setting hlh sub-encoding to TS1/3 on input line 397.
Package textcomp Info: Setting hls sub-encoding to TS1/3 on input line 398.
Package textcomp Info: Setting hlst sub-encoding to TS1/3 on input line 399.
Package textcomp Info: Setting hlct sub-encoding to TS1/5 on input line 400.
Package textcomp Info: Setting hlx sub-encoding to TS1/5 on input line 401.
Package textcomp Info: Setting hlce sub-encoding to TS1/5 on input line 402.
Package textcomp Info: Setting hlcn sub-encoding to TS1/5 on input line 403.
Package textcomp Info: Setting hlcw sub-encoding to TS1/5 on input line 404.
Package textcomp Info: Setting hlcf sub-encoding to TS1/5 on input line 405.
Package textcomp Info: Setting pplx sub-encoding to TS1/3 on input line 406.
Package textcomp Info: Setting pplj sub-encoding to TS1/3 on input line 407.
Package textcomp Info: Setting ptmx sub-encoding to TS1/4 on input line 408.
Package textcomp Info: Setting ptmj sub-encoding to TS1/4 on input line 409.
)
LaTeX Info: Redefining \dagger on input line 81.
LaTeX Info: Redefining \ddagger on input line 82.
LaTeX Info: Redefining \mathparagraph on input line 83.
LaTeX Info: Redefining \mathsection on input line 84.
LaTeX Info: Redefining \mathdollar on input line 85.
LaTeX Info: Redefining \mathsterling on input line 86.
LaTeX Info: Redefining \yen on input line 87.
LaTeX Info: Redefining \circledR on input line 88.
LaTeX Info: Redefining \circledS on input line 90.
LaTeX Info: Redefining \Re on input line 92.
LaTeX Info: Redefining \Im on input line 93.
LaTeX Info: Redefining \thicksim on input line 95.
LaTeX Info: Redefining \thickapprox on input line 96.
LaTeX Info: Redefining \centerdot on input line 101.
LaTeX Font Info:    Redeclaring symbol font `symbols' on input line 180.
LaTeX Font Info:    Encoding `OMS' has changed to `U' for symbol font
(Font)              `symbols' in the math version `normal' on input line 180.
LaTeX Font Info:    Overwriting symbol font `symbols' in version `normal'
(Font)                  OMS/txsy/m/n --> U/FdSymbolA/m/n on input line 180.
LaTeX Font Info:    Encoding `OMS' has changed to `U' for symbol font
(Font)              `symbols' in the math version `bold' on input line 180.
LaTeX Font Info:    Overwriting symbol font `symbols' in version `bold'
(Font)                  OMS/txsy/bx/n --> U/FdSymbolA/m/n on input line 180.
\symrelations=\mathgroup10
\symarrows=\mathgroup11
\symnarrows=\mathgroup12
LaTeX Font Info:    Redeclaring symbol font `largesymbols' on input line 184.
LaTeX Font Info:    Encoding `OMX' has changed to `U' for symbol font
(Font)              `largesymbols' in the math version `normal' on input line 1
84.
LaTeX Font Info:    Overwriting symbol font `largesymbols' in version `normal'
(Font)                  OMX/txex/m/n --> U/FdSymbolE/m/n on input line 184.
LaTeX Font Info:    Encoding `OMX' has changed to `U' for symbol font
(Font)              `largesymbols' in the math version `bold' on input line 184
.
LaTeX Font Info:    Overwriting symbol font `largesymbols' in version `bold'
(Font)                  OMX/txex/bx/n --> U/FdSymbolE/m/n on input line 184.
\symdelimiters=\mathgroup13
LaTeX Font Info:    Overwriting symbol font `symbols' in version `bold'
(Font)                  U/FdSymbolA/m/n --> U/FdSymbolA/b/n on input line 186.
LaTeX Font Info:    Overwriting symbol font `relations' in version `bold'
(Font)                  U/FdSymbolB/m/n --> U/FdSymbolB/b/n on input line 187.
LaTeX Font Info:    Overwriting symbol font `arrows' in version `bold'
(Font)                  U/FdSymbolC/m/n --> U/FdSymbolC/b/n on input line 188.
LaTeX Font Info:    Overwriting symbol font `narrows' in version `bold'
(Font)                  U/FdSymbolD/m/n --> U/FdSymbolD/b/n on input line 189.
LaTeX Font Info:    Overwriting symbol font `largesymbols' in version `bold'
(Font)                  U/FdSymbolE/m/n --> U/FdSymbolE/b/n on input line 190.
LaTeX Font Info:    Overwriting symbol font `delimiters' in version `bold'
(Font)                  U/FdSymbolF/m/n --> U/FdSymbolF/b/n on input line 191.
LaTeX Font Info:    Redeclaring math alphabet \mathcal on input line 192.
LaTeX Font Info:    Overwriting math alphabet `\mathcal' in version `bold'
(Font)                  OMS/cmsy/m/n --> OMS/cmsy/b/n on input line 193.
LaTeX Font Info:    Redeclaring math alphabet \mathbb on input line 194.
LaTeX Font Info:    Redeclaring math alphabet \mathfrak on input line 195.
LaTeX Font Info:    Overwriting math alphabet `\mathfrak' in version `bold'
(Font)                  U/euf/m/n --> U/euf/b/n on input line 196.
LaTeX Info: Redefining \vdots on input line 221.
LaTeX Info: Redefining \relbar on input line 1205.
LaTeX Info: Redefining \Relbar on input line 1206.
LaTeX Font Info:    Redeclaring math accent \widehat on input line 1796.
LaTeX Font Info:    Redeclaring math accent \widetilde on input line 1797.
LaTeX Font Info:    Redeclaring math accent \vec on input line 1799.
LaTeX Font Info:    Redeclaring math symbol \setminus on input line 1902.
LaTeX Font Info:    Redeclaring math symbol \mid on input line 1907.
LaTeX Font Info:    Redeclaring math symbol \nmid on input line 1908.
LaTeX Font Info:    Redeclaring math symbol \parallel on input line 1912.
LaTeX Font Info:    Redeclaring math symbol \nparallel on input line 1913.
LaTeX Font Info:    Redeclaring math symbol \shortmid on input line 1921.
LaTeX Font Info:    Redeclaring math symbol \nshortmid on input line 1922.
LaTeX Font Info:    Redeclaring math symbol \shortparallel on input line 1923.
LaTeX Font Info:    Redeclaring math symbol \nshortparallel on input line 1924.

LaTeX Font Info:    Redeclaring math symbol \braceld on input line 1944.
LaTeX Font Info:    Redeclaring math symbol \bracelu on input line 1945.
LaTeX Font Info:    Redeclaring math symbol \bracerd on input line 1946.
LaTeX Font Info:    Redeclaring math symbol \braceru on input line 1947.
LaTeX Info: Redefining \overbrace on input line 1963.
LaTeX Info: Redefining \underbrace on input line 1966.
LaTeX Font Info:    Redeclaring math symbol \surd on input line 1980.
)
(/usr/local/texlive/2016/texmf-dist/tex/latex/spverbatim/spverbatim.sty
Package: spverbatim 2009/08/10 v1.0 Verbatim with breakable spaces
)
(./stimuli.aux)
\openout1 = `stimuli.aux'.

LaTeX Font Info:    Checking defaults for OML/txmi/m/it on input line 127.
LaTeX Font Info:    Try loading font information for OML+txmi on input line 127
.

(/usr/local/texlive/2016/texmf-dist/tex/latex/txfonts/omltxmi.fd
File: omltxmi.fd 2000/12/15 v3.1
)
LaTeX Font Info:    ... okay on input line 127.
LaTeX Font Info:    Checking defaults for T1/cmr/m/n on input line 127.
LaTeX Font Info:    ... okay on input line 127.
LaTeX Font Info:    Checking defaults for OT1/cmr/m/n on input line 127.
LaTeX Font Info:    ... okay on input line 127.
LaTeX Font Info:    Checking defaults for OMS/txsy/m/n on input line 127.
LaTeX Font Info:    Try loading font information for OMS+txsy on input line 127
.

(/usr/local/texlive/2016/texmf-dist/tex/latex/txfonts/omstxsy.fd
File: omstxsy.fd 2000/12/15 v3.1
)
LaTeX Font Info:    ... okay on input line 127.
LaTeX Font Info:    Checking defaults for OMX/txex/m/n on input line 127.
LaTeX Font Info:    Try loading font information for OMX+txex on input line 127
.

(/usr/local/texlive/2016/texmf-dist/tex/latex/txfonts/omxtxex.fd
File: omxtxex.fd 2000/12/15 v3.1
)
LaTeX Font Info:    ... okay on input line 127.
LaTeX Font Info:    Checking defaults for U/txexa/m/n on input line 127.
LaTeX Font Info:    Try loading font information for U+txexa on input line 127.


(/usr/local/texlive/2016/texmf-dist/tex/latex/txfonts/utxexa.fd
File: utxexa.fd 2000/12/15 v3.1
)
LaTeX Font Info:    ... okay on input line 127.
LaTeX Font Info:    Checking defaults for PD1/pdf/m/n on input line 127.
LaTeX Font Info:    ... okay on input line 127.
LaTeX Font Info:    Checking defaults for T3/cmr/m/n on input line 127.
LaTeX Font Info:    Try loading font information for T3+cmr on input line 127.

(/usr/local/texlive/2016/texmf-dist/tex/latex/tipa/t3cmr.fd
File: t3cmr.fd 2001/12/31 TIPA font definitions
)
LaTeX Font Info:    ... okay on input line 127.
LaTeX Font Info:    Checking defaults for TS1/cmr/m/n on input line 127.
LaTeX Font Info:    Try loading font information for TS1+cmr on input line 127.


(/usr/local/texlive/2016/texmf-dist/tex/latex/base/ts1cmr.fd
File: ts1cmr.fd 2014/09/29 v2.5h Standard LaTeX font definitions
)
LaTeX Font Info:    ... okay on input line 127.
LaTeX Font Info:    Try loading font information for OT1+txr on input line 127.


(/usr/local/texlive/2016/texmf-dist/tex/latex/txfonts/ot1txr.fd
File: ot1txr.fd 2000/12/15 v3.1
)
*geometry* driver: auto-detecting
*geometry* detected driver: pdftex
*geometry* verbose mode - [ preamble ] result:
* driver: pdftex
* paper: <default>
* layout: <same size as paper>
* layoutoffset:(h,v)=(0.0pt,0.0pt)
* modes: 
* h-part:(L,W,R)=(72.26999pt, 469.75502pt, 72.26999pt)
* v-part:(T,H,B)=(72.26999pt, 650.43001pt, 72.26999pt)
* \paperwidth=614.295pt
* \paperheight=794.96999pt
* \textwidth=469.75502pt
* \textheight=650.43001pt
* \oddsidemargin=0.0pt
* \evensidemargin=0.0pt
* \topmargin=-37.0pt
* \headheight=12.0pt
* \headsep=25.0pt
* \topskip=11.0pt
* \footskip=30.0pt
* \marginparwidth=59.0pt
* \marginparsep=10.0pt
* \columnsep=10.0pt
* \skip\footins=10.0pt plus 4.0pt minus 2.0pt
* \hoffset=0.0pt
* \voffset=0.0pt
* \mag=1000
* \@twocolumnfalse
* \@twosidefalse
* \@mparswitchfalse
* \@reversemarginfalse
* (1in=72.27pt=25.4mm, 1cm=28.453pt)

ABD: EveryShipout initializing macros
(/usr/local/texlive/2016/texmf-dist/tex/context/base/mkii/supp-pdf.mkii
[Loading MPS to PDF converter (version 2006.09.02).]
\scratchcounter=\count190
\scratchdimen=\dimen320
\scratchbox=\box89
\nofMPsegments=\count191
\nofMParguments=\count192
\everyMPshowfont=\toks51
\MPscratchCnt=\count193
\MPscratchDim=\dimen321
\MPnumerator=\count194
\makeMPintoPDFobject=\count195
\everyMPtoPDFconversion=\toks52
) (/usr/local/texlive/2016/texmf-dist/tex/latex/oberdiek/epstopdf-base.sty
Package: epstopdf-base 2016/05/15 v2.6 Base part for package epstopdf

(/usr/local/texlive/2016/texmf-dist/tex/latex/oberdiek/grfext.sty
Package: grfext 2016/05/16 v1.2 Manage graphics extensions (HO)
)
Package grfext Info: Graphics extension search list:
(grfext)             [.png,.pdf,.jpg,.mps,.jpeg,.jbig2,.jb2,.PNG,.PDF,.JPG,.JPE
G,.JBIG2,.JB2,.eps]
(grfext)             \AppendGraphicsExtensions on input line 456.

(/usr/local/texlive/2016/texmf-dist/tex/latex/latexconfig/epstopdf-sys.cfg
File: epstopdf-sys.cfg 2010/07/13 v1.3 Configuration of (r)epstopdf for TeX Liv
e
))
\AtBeginShipoutBox=\box90
Package hyperref Info: Link coloring OFF on input line 127.

(/usr/local/texlive/2016/texmf-dist/tex/latex/hyperref/nameref.sty
Package: nameref 2012/10/27 v2.43 Cross-referencing by name of section

(/usr/local/texlive/2016/texmf-dist/tex/generic/oberdiek/gettitlestring.sty
Package: gettitlestring 2016/05/16 v1.5 Cleanup title references (HO)
)
\c@section@level=\count196
)
LaTeX Info: Redefining \ref on input line 127.
LaTeX Info: Redefining \pageref on input line 127.
LaTeX Info: Redefining \nameref on input line 127.

(./stimuli.out) (./stimuli.out)
\@outlinefile=\write5
\openout5 = `stimuli.out'.

Package caption Info: Begin \AtBeginDocument code.
Package caption Info: rotating package is loaded.
Package caption Info: End \AtBeginDocument code.
LaTeX Font Info:    Font shape `U/FdSymbolA/m/n' will be
(Font)              scaled to size 10.95pt on input line 127.
LaTeX Font Info:    Font shape `U/FdSymbolA/m/n' will be
(Font)              scaled to size 8.0pt on input line 127.
LaTeX Font Info:    Font shape `U/FdSymbolA/m/n' will be
(Font)              scaled to size 6.0pt on input line 127.
LaTeX Font Info:    Font shape `U/FdSymbolE/m/n' will be
(Font)              scaled to size 10.95pt on input line 127.
LaTeX Font Info:    Font shape `U/FdSymbolE/m/n' will be
(Font)              scaled to size 8.0pt on input line 127.
LaTeX Font Info:    Font shape `U/FdSymbolE/m/n' will be
(Font)              scaled to size 6.0pt on input line 127.
LaTeX Font Info:    Try loading font information for U+txmia on input line 127.


(/usr/local/texlive/2016/texmf-dist/tex/latex/txfonts/utxmia.fd
File: utxmia.fd 2000/12/15 v3.1
)
LaTeX Font Info:    Try loading font information for U+msa on input line 127.

(/usr/local/texlive/2016/texmf-dist/tex/latex/amsfonts/umsa.fd
File: umsa.fd 2013/01/14 v3.01 AMS symbols A
)
LaTeX Font Info:    Try loading font information for U+msb on input line 127.

(/usr/local/texlive/2016/texmf-dist/tex/latex/amsfonts/umsb.fd
File: umsb.fd 2013/01/14 v3.01 AMS symbols B
)
LaTeX Font Info:    Try loading font information for U+txsyc on input line 127.


(/usr/local/texlive/2016/texmf-dist/tex/latex/txfonts/utxsyc.fd
File: utxsyc.fd 2000/12/15 v3.1
)
LaTeX Font Info:    Font shape `U/FdSymbolB/m/n' will be
(Font)              scaled to size 10.95pt on input line 127.
LaTeX Font Info:    Font shape `U/FdSymbolB/m/n' will be
(Font)              scaled to size 8.0pt on input line 127.
LaTeX Font Info:    Font shape `U/FdSymbolB/m/n' will be
(Font)              scaled to size 6.0pt on input line 127.
LaTeX Font Info:    Font shape `U/FdSymbolC/m/n' will be
(Font)              scaled to size 10.95pt on input line 127.
LaTeX Font Info:    Font shape `U/FdSymbolC/m/n' will be
(Font)              scaled to size 8.0pt on input line 127.
LaTeX Font Info:    Font shape `U/FdSymbolC/m/n' will be
(Font)              scaled to size 6.0pt on input line 127.
LaTeX Font Info:    Font shape `U/FdSymbolD/m/n' will be
(Font)              scaled to size 10.95pt on input line 127.
LaTeX Font Info:    Font shape `U/FdSymbolD/m/n' will be
(Font)              scaled to size 8.0pt on input line 127.
LaTeX Font Info:    Font shape `U/FdSymbolD/m/n' will be
(Font)              scaled to size 6.0pt on input line 127.
LaTeX Font Info:    Font shape `U/FdSymbolF/m/n' will be
(Font)              scaled to size 10.95pt on input line 127.
LaTeX Font Info:    Font shape `U/FdSymbolF/m/n' will be
(Font)              scaled to size 8.0pt on input line 127.
LaTeX Font Info:    Font shape `U/FdSymbolF/m/n' will be
(Font)              scaled to size 6.0pt on input line 127.
Package xypdf Info: Line width: 0.61319pt on input line 127.

Overfull \hbox (26.24612pt too wide) in paragraph at lines 132--134
\OT1/txr/m/n/10.95 This doc-u-ment pro-vides the com-plete set of stim-uli for 
the ex-per-i-ment re-ported in the Scon-tras/Hawkins/Tonhauser
 []


Overfull \hbox (27.68054pt too wide) in paragraph at lines 132--134
\OT1/txr/m/n/10.95 SALT36 pa-per. The im-ages for the lists men-tioned in the s
tim-uli are given un-der ex-per-i-ments/main/main01/images. 
 []

LaTeX Font Info:    Try loading font information for TS1+txr on input line 139.

(/usr/local/texlive/2016/texmf-dist/tex/latex/txfonts/ts1txr.fd
File: ts1txr.fd 2000/12/15 v3.1
)
LaTeX Font Info:    Try loading font information for OT1+txtt on input line 140
.

(/usr/local/texlive/2016/texmf-dist/tex/latex/txfonts/ot1txtt.fd
File: ot1txtt.fd 2000/12/15 v3.1
)
Overfull \hbox (11.76999pt too wide) in paragraph at lines 145--145
 [][] [] [] [] [] [] \OT1/txtt/m/n/10.95 {'ai':[] "Mike[] works[] as[] a[] heal
th[] officer[] for[] an[] IT[] company.[] He[] is[] currently[]
 []


Overfull \hbox (29.01619pt too wide) in paragraph at lines 145--145
 \OT1/txtt/m/n/10.95 working[] through[] a[] list[] of[] employees[] in[] Sue's
[] department[] that[] recently[] got[] promoted[]
 []


Overfull \hbox (0.27252pt too wide) in paragraph at lines 145--145
 \OT1/txtt/m/n/10.95 &mdash;[] Kate,[] Tom,[] Charley,[] Tatiana,[] Ricardo[] &
mdash;[] to[] identify[] who[] biked[] to[]
 []


Overfull \hbox (11.76999pt too wide) in paragraph at lines 145--145
 [][] [] [] [] [] [] \OT1/txtt/m/n/10.95 'nai':[] "Mike[] works[] as[] a[] heal
th[] officer[] for[] an[] IT[] company.[] He[] is[] trying[] to[]
 []


Overfull \hbox (6.02126pt too wide) in paragraph at lines 145--145
 \OT1/txtt/m/n/10.95 figure[] out[] how[] well[] the[] five[] department[] head
s[] &mdash;[] Kate,[] Tom,[] Sue,[] Tatiana,[]
 []


Overfull \hbox (6.02126pt too wide) in paragraph at lines 145--145
 \OT1/txtt/m/n/10.95 and[] Ricardo[] &mdash;[] know[] the[] commuting[] habits[
] of[] the[] head[] of[] HR,[] Charley.[] Mike[]
 []


Overfull \hbox (11.76999pt too wide) in paragraph at lines 145--145
 [][] [] [] [] [] [] \OT1/txtt/m/n/10.95 {'ai':[] "Mike[] works[] as[] a[] heal
th[] officer[] for[] an[] IT[] company.[] He[] is[] currently[]
 []


Overfull \hbox (34.76492pt too wide) in paragraph at lines 145--145
 \OT1/txtt/m/n/10.95 working[] through[] a[] list[] of[] employees[] in[] Sue's
[] department[] that[] recently[] [] got[] promoted[]
 []


Overfull \hbox (0.27252pt too wide) in paragraph at lines 145--145
 \OT1/txtt/m/n/10.95 &mdash;[] Kate,[] Tom,[] Charley,[] Tatiana,[] Ricardo[] &
mdash;[] to[] identify[] who[] biked[] to[]
 []


Overfull \hbox (11.76999pt too wide) in paragraph at lines 145--146
[][] [] [] [] [] [] \OT1/txtt/m/n/10.95 'nai':[] "Mike[] works[] as[] a[] healt
h[] officer[] for[] an[] IT[] company.[] He[] is[] currently[]
 []


Overfull \hbox (34.76492pt too wide) in paragraph at lines 145--146
\OT1/txtt/m/n/10.95 working[] through[] a[] list[] of[] employees[] in[] Sue's[
] department[] that[] recently[] [] got[] promoted[]
 []


Overfull \hbox (0.27252pt too wide) in paragraph at lines 145--146
\OT1/txtt/m/n/10.95 &mdash;[] Kate,[] Tom,[] Charley,[] Tatiana,[] Ricardo[] &m
dash;[] to[] identify[] who[] biked[] to[]
 []


Overfull \hbox (11.76999pt too wide) in paragraph at lines 154--154
 [][] [] [] [] [] [] \OT1/txtt/m/n/10.95 {'ai':[] "Mike[] works[] as[] a[] heal
th[] officer[] for[] an[] IT[] company.[] He[] is[] currently[]
 []


Overfull \hbox (29.01619pt too wide) in paragraph at lines 154--154
 \OT1/txtt/m/n/10.95 working[] through[] a[] list[] of[] employees[] in[] Sue's
[] department[] that[] recently[] got[] promoted[]
 []


Overfull \hbox (0.27252pt too wide) in paragraph at lines 154--154
 \OT1/txtt/m/n/10.95 &mdash;[] Kate,[] Tom,[] Charley,[] Tatiana,[] Ricardo[] &
mdash;[] to[] identify[] who[] took[] the[]
 []


Overfull \hbox (11.76999pt too wide) in paragraph at lines 154--154
 [][] [] [] [] [] [] \OT1/txtt/m/n/10.95 'nai':[] "Mike[] works[] as[] a[] heal
th[] officer[] for[] an[] IT[] company.[] He[] is[] trying[] to[]
 []


Overfull \hbox (6.02126pt too wide) in paragraph at lines 154--154
 \OT1/txtt/m/n/10.95 figure[] out[] how[] well[] the[] five[] department[] head
s[] &mdash;[] Kate,[] Tom,[] Sue,[] Tatiana,[]
 []


Overfull \hbox (6.02126pt too wide) in paragraph at lines 154--154
 \OT1/txtt/m/n/10.95 and[] Ricardo[] &mdash;[] know[] the[] commuting[] habits[
] of[] the[] head[] of[] HR,[] Charley.[] Mike[]
 []


Overfull \hbox (11.76999pt too wide) in paragraph at lines 154--154
 [][] [] [] [] [] [] \OT1/txtt/m/n/10.95 {'ai':[] "Mike[] works[] as[] a[] heal
th[] officer[] for[] an[] IT[] company.[] He[] is[] currently[]
 []


Overfull \hbox (34.76492pt too wide) in paragraph at lines 154--154
 \OT1/txtt/m/n/10.95 working[] through[] a[] list[] of[] employees[] in[] Sue's
[] department[] that[] recently[] [] got[] promoted[]
 []


Overfull \hbox (0.27252pt too wide) in paragraph at lines 154--154
 \OT1/txtt/m/n/10.95 &mdash;[] Kate,[] Tom,[] Charley,[] Tatiana,[] Ricardo[] &
mdash;[] to[] identify[] who[] took[] the[]
 []


Overfull \hbox (11.76999pt too wide) in paragraph at lines 154--154
 [][] [] [] [] [] [] \OT1/txtt/m/n/10.95 'nai':[] "Mike[] works[] as[] a[] heal
th[] officer[] for[] an[] IT[] company.[] He[] is[] currently[]
 []


Overfull \hbox (34.76492pt too wide) in paragraph at lines 154--154
 \OT1/txtt/m/n/10.95 working[] through[] a[] list[] of[] employees[] in[] Sue's
[] department[] that[] recently[] [] got[] promoted[]
 []


Overfull \hbox (0.27252pt too wide) in paragraph at lines 154--154
 \OT1/txtt/m/n/10.95 &mdash;[] Kate,[] Tom,[] Charley,[] Tatiana,[] Ricardo[] &
mdash;[] to[] identify[] who[] took[] the[]
 []

[1

{/usr/local/texlive/2016/texmf-var/fonts/map/pdftex/updmap/pdftex.map}]
Overfull \hbox (11.76999pt too wide) in paragraph at lines 163--163
 [][] [] [] [] [] [] \OT1/txtt/m/n/10.95 {'ai':[] "Mike[] works[] as[] a[] heal
th[] officer[] for[] an[] IT[] company.[] He[] is[] currently[]
 []


Overfull \hbox (29.01619pt too wide) in paragraph at lines 163--163
 \OT1/txtt/m/n/10.95 working[] through[] a[] list[] of[] employees[] in[] Sue's
[] department[] that[] recently[] got[] promoted[]
 []


Overfull \hbox (17.51872pt too wide) in paragraph at lines 163--163
 \OT1/txtt/m/n/10.95 &mdash;[] Kate,[] Tom,[] Charley,[] Tatiana,[] Ricardo[] &
mdash;[] to[] identify[] who[] volunteered[]
 []


Overfull \hbox (11.76999pt too wide) in paragraph at lines 163--163
 [][] [] [] [] [] [] \OT1/txtt/m/n/10.95 'nai':[] "Mike[] works[] as[] a[] heal
th[] officer[] for[] an[] IT[] company.[] He[] is[] trying[] to[]
 []


Overfull \hbox (6.02126pt too wide) in paragraph at lines 163--163
 \OT1/txtt/m/n/10.95 figure[] out[] how[] well[] the[] five[] department[] head
s[] &mdash;[] Kate,[] Tom,[] Sue,[] Tatiana,[]
 []


Overfull \hbox (29.01619pt too wide) in paragraph at lines 163--163
 \OT1/txtt/m/n/10.95 and[] Ricardo[] &mdash;[] know[] the[] pastimes[] of[] the
[] head[] of[] HR,[] Charley.[] Mike[] keeps[] track[]
 []


Overfull \hbox (11.76999pt too wide) in paragraph at lines 163--163
 [][] [] [] [] [] [] \OT1/txtt/m/n/10.95 {'ai':[] "Mike[] works[] as[] a[] heal
th[] officer[] for[] an[] IT[] company.[] He[] is[] currently[]
 []


Overfull \hbox (34.76492pt too wide) in paragraph at lines 163--163
 \OT1/txtt/m/n/10.95 working[] through[] a[] list[] of[] employees[] in[] Sue's
[] department[] that[] recently[] [] got[] promoted[]
 []


Overfull \hbox (17.51872pt too wide) in paragraph at lines 163--163
 \OT1/txtt/m/n/10.95 &mdash;[] Kate,[] Tom,[] Charley,[] Tatiana,[] Ricardo[] &
mdash;[] to[] identify[] who[] volunteered[]
 []


Overfull \hbox (11.76999pt too wide) in paragraph at lines 163--163
 [][] [] [] [] [] [] \OT1/txtt/m/n/10.95 'nai':[] "Mike[] works[] as[] a[] heal
th[] officer[] for[] an[] IT[] company.[] He[] is[] currently[]
 []


Overfull \hbox (34.76492pt too wide) in paragraph at lines 163--163
 \OT1/txtt/m/n/10.95 working[] through[] a[] list[] of[] employees[] in[] Sue's
[] department[] that[] recently[] [] got[] promoted[]
 []


Overfull \hbox (17.51872pt too wide) in paragraph at lines 163--163
 \OT1/txtt/m/n/10.95 &mdash;[] Kate,[] Tom,[] Charley,[] Tatiana,[] Ricardo[] &
mdash;[] to[] identify[] who[] volunteered[]
 []


Overfull \hbox (34.76492pt too wide) in paragraph at lines 199--199
 [][] [] [] [] [] [] [] [] \OT1/txtt/m/n/10.95 {'higher':[] "Next[] up,[] he[] 
wants[] to[] record[] in[] the[] list[] whether[] <b>CHARLEY</b>,[]
 []


Overfull \hbox (29.01619pt too wide) in paragraph at lines 199--199
 \OT1/txtt/m/n/10.95 who[] lives[] five[] blocks[] away[] from[] work,[] biked[
] to[] work[] before[] he[] got[] promoted.[] Mike's[]
 []


Overfull \hbox (29.01619pt too wide) in paragraph at lines 199--199
 [][] [] [] [] [] [] [] [] [] \OT1/txtt/m/n/10.95 'lower':[] "Next[] up,[] he[]
 wants[] to[] record[] in[] the[] list[] whether[] <b>CHARLEY</b>,[]
 []


Overfull \hbox (34.76492pt too wide) in paragraph at lines 199--199
 \OT1/txtt/m/n/10.95 who[] lives[] twenty[] miles[] away[] from[] work,[] biked
[] to[] work[] before[] he[] got[] promoted.[] Mike's[]
 []


Overfull \hbox (17.51872pt too wide) in paragraph at lines 199--199
 [][] [] [] [] [] [] [] [] \OT1/txtt/m/n/10.95 {'higher':[] "Next[] up,[] Mike[
] wants[] to[] record[] in[] his[] list[] whether[] <b>SUE</b>[]
 []


Overfull \hbox (23.26746pt too wide) in paragraph at lines 199--199
 \OT1/txtt/m/n/10.95 believes[] that[] Charley,[] who[] lives[] five[] blocks[]
 away[] from[] work,[] biked[] to[] work[] before[]
 []


Overfull \hbox (11.76999pt too wide) in paragraph at lines 199--199
 [][] [] [] [] [] [] [] [] [] \OT1/txtt/m/n/10.95 'lower':[] "Next[] up,[] Mike
[] wants[] to[] record[] in[] his[] list[] whether[] <b>SUE</b>[]
 []


Overfull \hbox (29.01619pt too wide) in paragraph at lines 199--199
 \OT1/txtt/m/n/10.95 believes[] that[] Charley,[] who[] lives[] twenty[] miles[
] away[] from[] work,[] biked[] to[] work[] before[]
 []


Overfull \hbox (17.51872pt too wide) in paragraph at lines 199--199
 [][] [] [] [] [] [] [] [] \OT1/txtt/m/n/10.95 {'higher':[] "Next[] up,[] he[] 
wants[] to[] record[] in[] the[] list[] whether[] Charley,[] who[]
 []


Overfull \hbox (6.02126pt too wide) in paragraph at lines 199--199
 \OT1/txtt/m/n/10.95 lives[] five[] blocks[] away[] from[] work,[] biked[] to[]
 work[] <b>BEFORE</b>[] he[] got[] promoted.[]
 []


Overfull \hbox (11.76999pt too wide) in paragraph at lines 199--199
 [][] [] [] [] [] [] [] [] [] \OT1/txtt/m/n/10.95 'lower':[] "Next[] up,[] he[]
 wants[] to[] record[] in[] the[] list[] whether[] Charley,[] who[]
 []


Overfull \hbox (11.76999pt too wide) in paragraph at lines 199--199
 \OT1/txtt/m/n/10.95 lives[] twenty[] miles[] away[] from[] work,[] biked[] to[
] work[] <b>BEFORE</b>[] he[] got[] promoted.[]
 []


Overfull \hbox (17.51872pt too wide) in paragraph at lines 199--199
 [][] [] [] [] [] [] [] [] \OT1/txtt/m/n/10.95 {'higher':[] "Next[] up,[] he[] 
wants[] to[] record[] in[] the[] list[] whether[] Charley,[] who[]
 []


Overfull \hbox (0.27252pt too wide) in paragraph at lines 199--199
 \OT1/txtt/m/n/10.95 lives[] five[] blocks[] away[] from[] work,[] biked[] to[]
 work[] <b>AFTER</b>[] he[] got[] promoted.[]
 []

[2]
Overfull \hbox (11.76999pt too wide) in paragraph at lines 199--199
 [][] [] [] [] [] [] [] [] [] \OT1/txtt/m/n/10.95 'lower':[] "Next[] up,[] he[]
 wants[] to[] record[] in[] the[] list[] whether[] Charley,[] who[]
 []


Overfull \hbox (6.02126pt too wide) in paragraph at lines 199--199
 \OT1/txtt/m/n/10.95 lives[] twenty[] miles[] away[] from[] work,[] biked[] to[
] work[] <b>AFTER</b>[] he[] got[] promoted.[]
 []


Overfull \hbox (34.76492pt too wide) in paragraph at lines 199--199
 [][] [] [] [] [] [] [] [] \OT1/txtt/m/n/10.95 {'higher':[] "Next[] up,[] he[] 
wants[] to[] record[] in[] the[] list[] whether[] <b>CHARLEY</b>,[]
 []


Overfull \hbox (29.01619pt too wide) in paragraph at lines 199--199
 \OT1/txtt/m/n/10.95 who[] lives[] five[] blocks[] away[] from[] work,[] biked[
] to[] work[] before[] he[] got[] promoted.[] Mike's[]
 []


Overfull \hbox (29.01619pt too wide) in paragraph at lines 199--199
 [][] [] [] [] [] [] [] [] [] \OT1/txtt/m/n/10.95 'lower':[] "Next[] up,[] he[]
 wants[] to[] record[] in[] the[] list[] whether[] <b>CHARLEY</b>,[]
 []


Overfull \hbox (34.76492pt too wide) in paragraph at lines 199--199
 \OT1/txtt/m/n/10.95 who[] lives[] twenty[] miles[] away[] from[] work,[] biked
[] to[] work[] before[] he[] got[] promoted.[] Mike's[]
 []


Overfull \hbox (17.51872pt too wide) in paragraph at lines 199--199
 [][] [] [] [] [] [] [] [] \OT1/txtt/m/n/10.95 {'higher':[] "Next[] up,[] Mike[
] wants[] to[] record[] in[] his[] list[] whether[] <b>SUE</b>[]
 []


Overfull \hbox (23.26746pt too wide) in paragraph at lines 199--199
 \OT1/txtt/m/n/10.95 believes[] that[] Charley,[] who[] lives[] five[] blocks[]
 away[] from[] work,[] biked[] to[] work[] before[]
 []


Overfull \hbox (11.76999pt too wide) in paragraph at lines 199--199
 [][] [] [] [] [] [] [] [] [] \OT1/txtt/m/n/10.95 'lower':[] "Next[] up,[] Mike
[] wants[] to[] record[] in[] his[] list[] whether[] <b>SUE</b>[]
 []


Overfull \hbox (29.01619pt too wide) in paragraph at lines 199--199
 \OT1/txtt/m/n/10.95 believes[] that[] Charley,[] who[] lives[] twenty[] miles[
] away[] from[] work,[] biked[] to[] work[] before[]
 []


Overfull \hbox (17.51872pt too wide) in paragraph at lines 199--199
 [][] [] [] [] [] [] [] [] \OT1/txtt/m/n/10.95 {'higher':[] "Next[] up,[] he[] 
wants[] to[] record[] in[] the[] list[] whether[] Charley,[] who[]
 []


Overfull \hbox (6.02126pt too wide) in paragraph at lines 199--199
 \OT1/txtt/m/n/10.95 lives[] five[] blocks[] away[] from[] work,[] biked[] to[]
 work[] <b>BEFORE</b>[] he[] got[] promoted.[]
 []


Overfull \hbox (11.76999pt too wide) in paragraph at lines 199--199
 [][] [] [] [] [] [] [] [] [] \OT1/txtt/m/n/10.95 'lower':[] "Next[] up,[] he[]
 wants[] to[] record[] in[] the[] list[] whether[] Charley,[] who[]
 []


Overfull \hbox (11.76999pt too wide) in paragraph at lines 199--199
 \OT1/txtt/m/n/10.95 lives[] twenty[] miles[] away[] from[] work,[] biked[] to[
] work[] <b>BEFORE</b>[] he[] got[] promoted.[]
 []


Overfull \hbox (17.51872pt too wide) in paragraph at lines 199--199
 [][] [] [] [] [] [] [] [] \OT1/txtt/m/n/10.95 {'higher':[] "Next[] up,[] he[] 
wants[] to[] record[] in[] the[] list[] whether[] Charley,[] who[]
 []


Overfull \hbox (0.27252pt too wide) in paragraph at lines 199--199
 \OT1/txtt/m/n/10.95 lives[] five[] blocks[] away[] from[] work,[] biked[] to[]
 work[] <b>AFTER</b>[] he[] got[] promoted.[]
 []


Overfull \hbox (11.76999pt too wide) in paragraph at lines 199--199
 [][] [] [] [] [] [] [] [] [] \OT1/txtt/m/n/10.95 'lower':[] "Next[] up,[] he[]
 wants[] to[] record[] in[] the[] list[] whether[] Charley,[] who[]
 []


Overfull \hbox (6.02126pt too wide) in paragraph at lines 199--199
 \OT1/txtt/m/n/10.95 lives[] twenty[] miles[] away[] from[] work,[] biked[] to[
] work[] <b>AFTER</b>[] he[] got[] promoted.[]
 []


Overfull \hbox (34.76492pt too wide) in paragraph at lines 230--230
 [][] [] [] [] [] [] [] [] \OT1/txtt/m/n/10.95 {'higher':[] "Next[] up,[] he[] 
wants[] to[] record[] in[] the[] list[] whether[] <b>CHARLEY</b>,[]
 []


Overfull \hbox (23.26746pt too wide) in paragraph at lines 230--230
 \OT1/txtt/m/n/10.95 who[] is[] a[] climate[] activist,[] took[] the[] subway[]
 to[] work[] before[] he[] got[] promoted.[] Mike's[]
 []


Overfull \hbox (29.01619pt too wide) in paragraph at lines 230--230
 [][] [] [] [] [] [] [] [] [] \OT1/txtt/m/n/10.95 'lower':[] "Next[] up,[] he[]
 wants[] to[] record[] in[] the[] list[] whether[] <b>CHARLEY</b>,[]
 []


Overfull \hbox (46.26239pt too wide) in paragraph at lines 230--230
 \OT1/txtt/m/n/10.95 who[] is[] a[] germaphobe,[] took[] the[] subway[] to[] wo
rk[] before[] he[] got[] promoted.[] Mike's[] assistant[]
 []

[3]
Overfull \hbox (17.51872pt too wide) in paragraph at lines 230--230
 [][] [] [] [] [] [] [] [] \OT1/txtt/m/n/10.95 {'higher':[] "Next[] up,[] Mike[
] wants[] to[] record[] in[] his[] list[] whether[] <b>SUE</b>[]
 []


Overfull \hbox (17.51872pt too wide) in paragraph at lines 230--230
 \OT1/txtt/m/n/10.95 believes[] that[] Charley,[] who[] is[] a[] climate[] acti
vist,[] took[] the[] subway[] to[] work[] before[]
 []


Overfull \hbox (11.76999pt too wide) in paragraph at lines 230--230
 [][] [] [] [] [] [] [] [] [] \OT1/txtt/m/n/10.95 'lower':[] "Next[] up,[] Mike
[] wants[] to[] record[] in[] his[] list[] whether[] <b>SUE</b>[]
 []


Overfull \hbox (0.27252pt too wide) in paragraph at lines 230--230
 \OT1/txtt/m/n/10.95 believes[] that[] Charley,[] who[] is[] a[] germaphobe,[] 
took[] the[] subway[] to[] work[] before[] he[]
 []


Overfull \hbox (17.51872pt too wide) in paragraph at lines 230--230
 [][] [] [] [] [] [] [] [] \OT1/txtt/m/n/10.95 {'higher':[] "Next[] up,[] he[] 
wants[] to[] record[] in[] the[] list[] whether[] Charley,[] who[]
 []


Overfull \hbox (0.27252pt too wide) in paragraph at lines 230--230
 \OT1/txtt/m/n/10.95 is[] a[] climate[] activist,[] took[] the[] subway[] to[] 
work[] <b>BEFORE</b>[] he[] got[] promoted.[]
 []


Overfull \hbox (11.76999pt too wide) in paragraph at lines 230--230
 [][] [] [] [] [] [] [] [] [] \OT1/txtt/m/n/10.95 'lower':[] "Next[] up,[] he[]
 wants[] to[] record[] in[] the[] list[] whether[] Charley,[] who[]
 []


Overfull \hbox (6.02126pt too wide) in paragraph at lines 230--230
 \OT1/txtt/m/n/10.95 is[] a[] germaphobe,[] took[] the[] subway[] to[] work[] <
b>BEFORE</b>[] he[] got[] promoted.[] Mike's[]
 []


Overfull \hbox (17.51872pt too wide) in paragraph at lines 230--230
 [][] [] [] [] [] [] [] [] \OT1/txtt/m/n/10.95 {'higher':[] "Next[] up,[] he[] 
wants[] to[] record[] in[] the[] list[] whether[] Charley,[] who[]
 []


Overfull \hbox (34.76492pt too wide) in paragraph at lines 230--230
 \OT1/txtt/m/n/10.95 is[] a[] climate[] activist,[] took[] the[] subway[] to[] 
work[] <b>AFTER</b>[] he[] got[] promoted.[] Mike's[]
 []


Overfull \hbox (11.76999pt too wide) in paragraph at lines 230--230
 [][] [] [] [] [] [] [] [] [] \OT1/txtt/m/n/10.95 'lower':[] "Next[] up,[] he[]
 wants[] to[] record[] in[] the[] list[] whether[] Charley,[] who[]
 []


Overfull \hbox (0.27252pt too wide) in paragraph at lines 230--230
 \OT1/txtt/m/n/10.95 is[] a[] germaphobe,[] took[] the[] subway[] to[] work[] <
b>AFTER</b>[] he[] got[] promoted.[] Mike's[]
 []


Overfull \hbox (34.76492pt too wide) in paragraph at lines 230--230
 [][] [] [] [] [] [] [] [] \OT1/txtt/m/n/10.95 {'higher':[] "Next[] up,[] he[] 
wants[] to[] record[] in[] the[] list[] whether[] <b>CHARLEY</b>,[]
 []


Overfull \hbox (23.26746pt too wide) in paragraph at lines 230--230
 \OT1/txtt/m/n/10.95 who[] is[] a[] climate[] activist,[] took[] the[] subway[]
 to[] work[] before[] he[] got[] promoted.[] Mike's[]
 []


Overfull \hbox (29.01619pt too wide) in paragraph at lines 230--230
 [][] [] [] [] [] [] [] [] [] \OT1/txtt/m/n/10.95 'lower':[] "Next[] up,[] he[]
 wants[] to[] record[] in[] the[] list[] whether[] <b>CHARLEY</b>,[]
 []


Overfull \hbox (46.26239pt too wide) in paragraph at lines 230--230
 \OT1/txtt/m/n/10.95 who[] is[] a[] germaphobe,[] took[] the[] subway[] to[] wo
rk[] before[] he[] got[] promoted.[] Mike's[] assistant[]
 []


Overfull \hbox (17.51872pt too wide) in paragraph at lines 230--230
 [][] [] [] [] [] [] [] [] \OT1/txtt/m/n/10.95 {'higher':[] "Next[] up,[] Mike[
] wants[] to[] record[] in[] his[] list[] whether[] <b>SUE</b>[]
 []


Overfull \hbox (17.51872pt too wide) in paragraph at lines 230--230
 \OT1/txtt/m/n/10.95 believes[] that[] Charley,[] who[] is[] a[] climate[] acti
vist,[] took[] the[] subway[] to[] work[] before[]
 []


Overfull \hbox (11.76999pt too wide) in paragraph at lines 230--230
 [][] [] [] [] [] [] [] [] [] \OT1/txtt/m/n/10.95 'lower':[] "Next[] up,[] Mike
[] wants[] to[] record[] in[] his[] list[] whether[] <b>SUE</b>[]
 []


Overfull \hbox (0.27252pt too wide) in paragraph at lines 230--230
 \OT1/txtt/m/n/10.95 believes[] that[] Charley,[] who[] is[] a[] germaphobe,[] 
took[] the[] subway[] to[] work[] before[] he[]
 []


Overfull \hbox (17.51872pt too wide) in paragraph at lines 230--230
 [][] [] [] [] [] [] [] [] \OT1/txtt/m/n/10.95 {'higher':[] "Next[] up,[] he[] 
wants[] to[] record[] in[] the[] list[] whether[] Charley,[] who[]
 []


Overfull \hbox (0.27252pt too wide) in paragraph at lines 230--230
 \OT1/txtt/m/n/10.95 is[] a[] climate[] activist,[] took[] the[] subway[] to[] 
work[] <b>BEFORE</b>[] he[] got[] promoted.[]
 []


Overfull \hbox (11.76999pt too wide) in paragraph at lines 230--230
 [][] [] [] [] [] [] [] [] [] \OT1/txtt/m/n/10.95 'lower':[] "Next[] up,[] he[]
 wants[] to[] record[] in[] the[] list[] whether[] Charley,[] who[]
 []


Overfull \hbox (6.02126pt too wide) in paragraph at lines 230--230
 \OT1/txtt/m/n/10.95 is[] a[] germaphobe,[] took[] the[] subway[] to[] work[] <
b>BEFORE</b>[] he[] got[] promoted.[] Mike's[]
 []


Overfull \hbox (17.51872pt too wide) in paragraph at lines 230--230
 [][] [] [] [] [] [] [] [] \OT1/txtt/m/n/10.95 {'higher':[] "Next[] up,[] he[] 
wants[] to[] record[] in[] the[] list[] whether[] Charley,[] who[]
 []


Overfull \hbox (34.76492pt too wide) in paragraph at lines 230--230
 \OT1/txtt/m/n/10.95 is[] a[] climate[] activist,[] took[] the[] subway[] to[] 
work[] <b>AFTER</b>[] he[] got[] promoted.[] Mike's[]
 []

[4]
Overfull \hbox (11.76999pt too wide) in paragraph at lines 230--230
 [][] [] [] [] [] [] [] [] [] \OT1/txtt/m/n/10.95 'lower':[] "Next[] up,[] he[]
 wants[] to[] record[] in[] the[] list[] whether[] Charley,[] who[]
 []


Overfull \hbox (0.27252pt too wide) in paragraph at lines 230--230
 \OT1/txtt/m/n/10.95 is[] a[] germaphobe,[] took[] the[] subway[] to[] work[] <
b>AFTER</b>[] he[] got[] promoted.[] Mike's[]
 []


Overfull \hbox (34.76492pt too wide) in paragraph at lines 261--261
 [][] [] [] [] [] [] [] [] \OT1/txtt/m/n/10.95 {'higher':[] "Next[] up,[] he[] 
wants[] to[] record[] in[] the[] list[] whether[] <b>CHARLEY</b>,[]
 []


Overfull \hbox (17.51872pt too wide) in paragraph at lines 261--261
 \OT1/txtt/m/n/10.95 who[] loves[] animals,[] volunteered[] at[] the[] pet[] sh
elter[] before[] he[] got[] promoted.[] Mike's[]
 []


Overfull \hbox (29.01619pt too wide) in paragraph at lines 261--261
 [][] [] [] [] [] [] [] [] [] \OT1/txtt/m/n/10.95 'lower':[] "Next[] up,[] he[]
 wants[] to[] record[] in[] the[] list[] whether[] <b>CHARLEY</b>,[]
 []


Overfull \hbox (6.02126pt too wide) in paragraph at lines 261--261
 \OT1/txtt/m/n/10.95 who[] is[] allergic[] to[] cats[] and[] dogs,[] volunteere
d[] at[] the[] pet[] shelter[] before[] he[] got[]
 []


Overfull \hbox (17.51872pt too wide) in paragraph at lines 261--261
 [][] [] [] [] [] [] [] [] \OT1/txtt/m/n/10.95 {'higher':[] "Next[] up,[] Mike[
] wants[] to[] record[] in[] his[] list[] whether[] <b>SUE</b>[]
 []


Overfull \hbox (11.76999pt too wide) in paragraph at lines 261--261
 \OT1/txtt/m/n/10.95 believes[] that[] Charley,[] who[] loves[] animals,[] volu
nteered[] at[] the[] pet[] shelter[] before[]
 []


Overfull \hbox (11.76999pt too wide) in paragraph at lines 261--261
 [][] [] [] [] [] [] [] [] [] \OT1/txtt/m/n/10.95 'lower':[] "Next[] up,[] Mike
[] wants[] to[] record[] in[] his[] list[] whether[] <b>SUE</b>[]
 []


Overfull \hbox (11.76999pt too wide) in paragraph at lines 261--261
 \OT1/txtt/m/n/10.95 believes[] that[] Charley,[] who[] is[] allergic[] to[] ca
ts[] and[] dogs,[] volunteered[] at[] the[] pet[]
 []


Overfull \hbox (17.51872pt too wide) in paragraph at lines 261--261
 [][] [] [] [] [] [] [] [] \OT1/txtt/m/n/10.95 {'higher':[] "Next[] up,[] he[] 
wants[] to[] record[] in[] the[] list[] whether[] Charley,[] who[]
 []


Overfull \hbox (34.76492pt too wide) in paragraph at lines 261--261
 \OT1/txtt/m/n/10.95 loves[] animals,[] volunteered[] at[] the[] pet[] shelter[
] <b>BEFORE</b>[] he[] got[] promoted.[] Mike's[]
 []


Overfull \hbox (11.76999pt too wide) in paragraph at lines 261--261
 [][] [] [] [] [] [] [] [] [] \OT1/txtt/m/n/10.95 'lower':[] "Next[] up,[] he[]
 wants[] to[] record[] in[] the[] list[] whether[] Charley,[] who[]
 []


Overfull \hbox (0.27252pt too wide) in paragraph at lines 261--261
 \OT1/txtt/m/n/10.95 is[] allergic[] to[] cats[] and[] dogs,[] volunteered[] at
[] the[] pet[] shelter[] <b>BEFORE</b>[] he[]
 []


Overfull \hbox (17.51872pt too wide) in paragraph at lines 261--261
 [][] [] [] [] [] [] [] [] \OT1/txtt/m/n/10.95 {'higher':[] "Next[] up,[] he[] 
wants[] to[] record[] in[] the[] list[] whether[] Charley,[] who[]
 []


Overfull \hbox (29.01619pt too wide) in paragraph at lines 261--261
 \OT1/txtt/m/n/10.95 loves[] animals,[] volunteered[] at[] the[] pet[] shelter[
] <b>AFTER</b>[] he[] got[] promoted.[] Mike's[]
 []


Overfull \hbox (11.76999pt too wide) in paragraph at lines 261--261
 [][] [] [] [] [] [] [] [] [] \OT1/txtt/m/n/10.95 'lower':[] "Next[] up,[] he[]
 wants[] to[] record[] in[] the[] list[] whether[] Charley,[] who[]
 []


Overfull \hbox (17.51872pt too wide) in paragraph at lines 261--261
 \OT1/txtt/m/n/10.95 is[] allergic[] to[] cats[] and[] dogs,[] volunteered[] at
[] the[] pet[] shelter[] <b>AFTER</b>[] he[] got[]
 []


Overfull \hbox (34.76492pt too wide) in paragraph at lines 261--261
 [][] [] [] [] [] [] [] [] \OT1/txtt/m/n/10.95 {'higher':[] "Next[] up,[] he[] 
wants[] to[] record[] in[] the[] list[] whether[] <b>CHARLEY</b>,[]
 []


Overfull \hbox (17.51872pt too wide) in paragraph at lines 261--261
 \OT1/txtt/m/n/10.95 who[] loves[] animals,[] volunteered[] at[] the[] pet[] sh
elter[] before[] he[] got[] promoted.[] Mike's[]
 []


Overfull \hbox (29.01619pt too wide) in paragraph at lines 261--261
 [][] [] [] [] [] [] [] [] [] \OT1/txtt/m/n/10.95 'lower':[] "Next[] up,[] he[]
 wants[] to[] record[] in[] the[] list[] whether[] <b>CHARLEY</b>,[]
 []


Overfull \hbox (6.02126pt too wide) in paragraph at lines 261--261
 \OT1/txtt/m/n/10.95 who[] is[] allergic[] to[] cats[] and[] dogs,[] volunteere
d[] at[] the[] pet[] shelter[] before[] he[] got[]
 []


Overfull \hbox (17.51872pt too wide) in paragraph at lines 261--261
 [][] [] [] [] [] [] [] [] \OT1/txtt/m/n/10.95 {'higher':[] "Next[] up,[] Mike[
] wants[] to[] record[] in[] his[] list[] whether[] <b>SUE</b>[]
 []


Overfull \hbox (11.76999pt too wide) in paragraph at lines 261--261
 \OT1/txtt/m/n/10.95 believes[] that[] Charley,[] who[] loves[] animals,[] volu
nteered[] at[] the[] pet[] shelter[] before[]
 []

[5]
Overfull \hbox (11.76999pt too wide) in paragraph at lines 261--261
 [][] [] [] [] [] [] [] [] [] \OT1/txtt/m/n/10.95 'lower':[] "Next[] up,[] Mike
[] wants[] to[] record[] in[] his[] list[] whether[] <b>SUE</b>[]
 []


Overfull \hbox (11.76999pt too wide) in paragraph at lines 261--261
 \OT1/txtt/m/n/10.95 believes[] that[] Charley,[] who[] is[] allergic[] to[] ca
ts[] and[] dogs,[] volunteered[] at[] the[] pet[]
 []


Overfull \hbox (17.51872pt too wide) in paragraph at lines 261--261
 [][] [] [] [] [] [] [] [] \OT1/txtt/m/n/10.95 {'higher':[] "Next[] up,[] he[] 
wants[] to[] record[] in[] the[] list[] whether[] Charley,[] who[]
 []


Overfull \hbox (34.76492pt too wide) in paragraph at lines 261--261
 \OT1/txtt/m/n/10.95 loves[] animals,[] volunteered[] at[] the[] pet[] shelter[
] <b>BEFORE</b>[] he[] got[] promoted.[] Mike's[]
 []


Overfull \hbox (11.76999pt too wide) in paragraph at lines 261--261
 [][] [] [] [] [] [] [] [] [] \OT1/txtt/m/n/10.95 'lower':[] "Next[] up,[] he[]
 wants[] to[] record[] in[] the[] list[] whether[] Charley,[] who[]
 []


Overfull \hbox (0.27252pt too wide) in paragraph at lines 261--261
 \OT1/txtt/m/n/10.95 is[] allergic[] to[] cats[] and[] dogs,[] volunteered[] at
[] the[] pet[] shelter[] <b>BEFORE</b>[] he[]
 []


Overfull \hbox (17.51872pt too wide) in paragraph at lines 261--261
 [][] [] [] [] [] [] [] [] \OT1/txtt/m/n/10.95 {'higher':[] "Next[] up,[] he[] 
wants[] to[] record[] in[] the[] list[] whether[] Charley,[] who[]
 []


Overfull \hbox (29.01619pt too wide) in paragraph at lines 261--261
 \OT1/txtt/m/n/10.95 loves[] animals,[] volunteered[] at[] the[] pet[] shelter[
] <b>AFTER</b>[] he[] got[] promoted.[] Mike's[]
 []


Overfull \hbox (11.76999pt too wide) in paragraph at lines 261--261
 [][] [] [] [] [] [] [] [] [] \OT1/txtt/m/n/10.95 'lower':[] "Next[] up,[] he[]
 wants[] to[] record[] in[] the[] list[] whether[] Charley,[] who[]
 []


Overfull \hbox (17.51872pt too wide) in paragraph at lines 261--261
 \OT1/txtt/m/n/10.95 is[] allergic[] to[] cats[] and[] dogs,[] volunteered[] at
[] the[] pet[] shelter[] <b>AFTER</b>[] he[] got[]
 []


Overfull \hbox (34.76492pt too wide) in paragraph at lines 270--270
 []\OT1/txtt/m/n/10.95 {'neg-know':[] "Sue[] doesn't[] know[] that[] Charley[] 
biked[] to[] work[] before[] he[] got[] promoted.",[]
 []


Overfull \hbox (0.27252pt too wide) in paragraph at lines 270--270
 \OT1/txtt/m/n/10.95 "q-know":[] "Does[] Sue[] know[] that[] Charley[] biked[] 
to[] work[] before[] he[] got[] promoted?",[]
 []


Overfull \hbox (17.51872pt too wide) in paragraph at lines 270--270
 \OT1/txtt/m/n/10.95 "neg-stop":[] "Charley[] didn't[] stop[] biking[] to[] wor
k[] when[] he[] got[] promoted.","q-stop":[]
 []


Overfull \hbox (0.27252pt too wide) in paragraph at lines 274--274
 []\OT1/txtt/m/n/10.95 {'neg-know':[] "Sue[] doesn't[] know[] that[] Charley[] 
took[] the[] subway[] to[] work[] before[] he[]
 []


Overfull \hbox (0.27252pt too wide) in paragraph at lines 274--274
 \OT1/txtt/m/n/10.95 got[] promoted.",[] "q-know":[] "Does[] Sue[] know[] that[
] Charley[] took[] the[] subway[] to[] work[]
 []


Overfull \hbox (11.76999pt too wide) in paragraph at lines 274--274
 \OT1/txtt/m/n/10.95 before[] he[] got[] promoted?",[] "neg-stop":[] "Charley[]
 didn't[] stop[] taking[] the[] subway[] to[]
 []


Overfull \hbox (23.26746pt too wide) in paragraph at lines 274--274
 \OT1/txtt/m/n/10.95 work[] when[] he[] got[] promoted.","q-stop":[] "Did[] Cha
rley[] stop[] taking[] the[] subway[] to[] work[]
 []


Overfull \hbox (29.01619pt too wide) in paragraph at lines 278--278
 [][] \OT1/txtt/m/n/10.95 {'neg-know':[] "Sue[] doesn't[] know[] that[] Charley
[] volunteered[] at[] the[] pet[] shelter[] before[]
 []


Overfull \hbox (11.76999pt too wide) in paragraph at lines 278--278
 \OT1/txtt/m/n/10.95 he[] got[] promoted.",[] "q-know":[] "Does[] Sue[] know[] 
that[] Charley[] volunteered[] at[] the[] pet[]
 []


Overfull \hbox (11.76999pt too wide) in paragraph at lines 278--278
 \OT1/txtt/m/n/10.95 shelter[] before[] he[] got[] promoted?",[] "neg-stop":[] 
"Charley[] didn't[] stop[] volunteering[]
 []


Overfull \hbox (29.01619pt too wide) in paragraph at lines 278--278
 \OT1/txtt/m/n/10.95 at[] the[] pet[] shelter[] when[] he[] got[] promoted.","q
-stop":[] "Did[] Charley[] stop[] volunteering[]
 []

[6]
Overfull \hbox (23.26746pt too wide) in paragraph at lines 292--292
 [][] [] [] [] [] [] \OT1/txtt/m/n/10.95 {'ai':[] "Given[] what[] you[] have[] 
read[] above,[] how[] likely[] is[] it[] that[] Charley[] biked[]
 []


Overfull \hbox (17.51872pt too wide) in paragraph at lines 292--292
 [][] [] [] [] [] [] \OT1/txtt/m/n/10.95 'nai':[] "Given[] what[] you[] have[] 
read[] above,[] how[] likely[] is[] it[] that[] Sue[] believes[]
 []


Overfull \hbox (23.26746pt too wide) in paragraph at lines 292--292
 [][] [] [] [] [] [] \OT1/txtt/m/n/10.95 {'ai':[] "Given[] what[] you[] have[] 
read[] above,[] how[] likely[] is[] it[] that[] Charley[] biked[]
 []


Overfull \hbox (23.26746pt too wide) in paragraph at lines 292--292
 [][] [] [] [] [] [] \OT1/txtt/m/n/10.95 'nai':[] "Given[] what[] you[] have[] 
read[] above,[] how[] likely[] is[] it[] that[] Charley[] biked[]
 []


Overfull \hbox (17.51872pt too wide) in paragraph at lines 301--301
 [][] [] [] [] [] [] \OT1/txtt/m/n/10.95 {'ai':[] "Given[] what[] you[] have[] 
read[] above,[] how[] likely[] is[] it[] that[] Charley[] took[]
 []


Overfull \hbox (17.51872pt too wide) in paragraph at lines 301--301
 [][] [] [] [] [] [] \OT1/txtt/m/n/10.95 'nai':[] "Given[] what[] you[] have[] 
read[] above,[] how[] likely[] is[] it[] that[] Sue[] believes[]
 []


Overfull \hbox (17.51872pt too wide) in paragraph at lines 301--301
 [][] [] [] [] [] [] \OT1/txtt/m/n/10.95 {'ai':[] "Given[] what[] you[] have[] 
read[] above,[] how[] likely[] is[] it[] that[] Charley[] took[]
 []


Overfull \hbox (17.51872pt too wide) in paragraph at lines 301--301
 [][] [] [] [] [] [] \OT1/txtt/m/n/10.95 'nai':[] "Given[] what[] you[] have[] 
read[] above,[] how[] likely[] is[] it[] that[] Charley[] took[]
 []


Overfull \hbox (57.75986pt too wide) in paragraph at lines 311--311
 [][] [] [] [] [] [] \OT1/txtt/m/n/10.95 {'ai':[] "Given[] what[] you[] have[] 
read[] above,[] how[] likely[] is[] it[] that[] Charley[] volunteered[]
 []


Overfull \hbox (17.51872pt too wide) in paragraph at lines 311--311
 [][] [] [] [] [] [] \OT1/txtt/m/n/10.95 'nai':[] "Given[] what[] you[] have[] 
read[] above,[] how[] likely[] is[] it[] that[] Sue[] believes[]
 []


Overfull \hbox (57.75986pt too wide) in paragraph at lines 311--311
 [][] [] [] [] [] [] \OT1/txtt/m/n/10.95 {'ai':[] "Given[] what[] you[] have[] 
read[] above,[] how[] likely[] is[] it[] that[] Charley[] volunteered[]
 []


Overfull \hbox (57.75986pt too wide) in paragraph at lines 311--311
 [][] [] [] [] [] [] \OT1/txtt/m/n/10.95 'nai':[] "Given[] what[] you[] have[] 
read[] above,[] how[] likely[] is[] it[] that[] Charley[] volunteered[]
 []

[7]
Package atveryend Info: Empty hook `BeforeClearDocument' on input line 314.
Package atveryend Info: Empty hook `AfterLastShipout' on input line 314.
 (./stimuli.aux)
Package atveryend Info: Executing hook `AtVeryEndDocument' on input line 314.
Package atveryend Info: Executing hook `AtEndAfterFileList' on input line 314.
Package rerunfilecheck Info: File `stimuli.out' has not changed.
(rerunfilecheck)             Checksum: D41D8CD98F00B204E9800998ECF8427E;0.
Package atveryend Info: Empty hook `AtVeryVeryEnd' on input line 314.
 ) 
Here is how much of TeX's memory you used:
 26054 strings out of 493014
 439005 string characters out of 6133351
 543764 words of memory out of 5000000
 29047 multiletter control sequences out of 15000+600000
 25728 words of font info for 81 fonts, out of 8000000 for 9000
 1142 hyphenation exceptions out of 8191
 55i,5n,54p,3239b,565s stack positions out of 5000i,500n,10000p,200000b,80000s
{/usr/local/texlive/2016/texmf-dist/fonts/enc/dvips/base/8r.enc}</usr/local/t
exlive/2016/texmf-dist/fonts/type1/public/txfonts/rtcxr.pfb></usr/local/texlive
/2016/texmf-dist/fonts/type1/public/txfonts/rtxr.pfb></usr/local/texlive/2016/t
exmf-dist/fonts/type1/public/txfonts/txtt.pfb></usr/local/texlive/2016/texmf-di
st/fonts/type1/urw/times/utmb8a.pfb></usr/local/texlive/2016/texmf-dist/fonts/t
ype1/urw/times/utmr8a.pfb>
Output written on stimuli.pdf (7 pages, 42129 bytes).
PDF statistics:
 69 PDF objects out of 1000 (max. 8388607)
 54 compressed objects within 1 object stream
 12 named destinations out of 1000 (max. 500000)
 13 words of extra memory for PDF output out of 10000 (max. 10000000)

